Component: ARM Compiler 5.06 update 3 (build 300) Tool: armlink [4d35c9]

==============================================================================

Section Cross References

    utils.o(i._Z3mapfffff) refers to utils.o(i._Z4normfff) for norm(float, float, float)
    utils.o(i._Z3mapfffff) refers to utils.o(i._Z4lerpfff) for lerp(float, float, float)
    utils.o(i._Z9randrangeii) refers to rand.o(.emb_text) for rand
    utils.o(.ARM.exidx) refers to utils.o(i._Z4normfff) for i._Z4normfff
    utils.o(.ARM.exidx) refers to utils.o(i._Z4lerpfff) for i._Z4lerpfff
    utils.o(.ARM.exidx) refers to utils.o(i._Z3mapfffff) for i._Z3mapfffff
    utils.o(.ARM.exidx) refers to utils.o(i._Z9randrangeii) for i._Z9randrangeii
    utils.o(.ARM.exidx) refers to utils.o(i._Z7radiansf) for i._Z7radiansf
    controller.o(i._Z10btnPressed8position) refers to controller.o(i._ZN4mbed9DigitalIn4readEv) for mbed::DigitalIn::read()
    controller.o(i._Z10btnPressed8position) refers to controller.o(.bss) for buttons
    controller.o(i._Z10startagainv) refers to controller.o(i._Z10btnPressed8position) for btnPressed(position)
    controller.o(i._Z10startagainv) refers to model.o(.data) for lives
    controller.o(i._Z10startagainv) refers to asteroids.o(.data) for playing
    controller.o(i._Z12gameControlsv) refers to controller.o(i._Z10btnPressed8position) for btnPressed(position)
    controller.o(i._Z12gameControlsv) refers to dleqf.o(x$fpl$dleqf) for __aeabi_cdcmple
    controller.o(i._Z12gameControlsv) refers to daddsub_clz.o(x$fpl$dadd) for __aeabi_dadd
    controller.o(i._Z12gameControlsv) refers to controller.o(i._Z13jsPrsdAndRlsd8position) for jsPrsdAndRlsd(position)
    controller.o(i._Z12gameControlsv) refers to model.o(i._Z10fireMisslev) for fireMissle()
    controller.o(i._Z12gameControlsv) refers to model.o(.data) for ship_heading
    controller.o(i._Z13jsPrsdAndRlsd8position) refers to controller.o(i._ZN4mbed9DigitalIn4readEv) for mbed::DigitalIn::read()
    controller.o(i._Z13jsPrsdAndRlsd8position) refers to controller.o(.bss) for buttons
    controller.o(i._Z13jsPrsdAndRlsd8position) refers to controller.o(.data) for savedState
    controller.o(i._Z5startv) refers to controller.o(i._Z10btnPressed8position) for btnPressed(position)
    controller.o(i._Z5startv) refers to asteroids.o(.data) for playing
    controller.o(i.__sti___14_controller_cpp_buttons) refers to controller.o(i._ZN4mbed9DigitalInC1E7PinName) for mbed::DigitalIn::DigitalIn(PinName)
    controller.o(i.__sti___14_controller_cpp_buttons) refers to controller.o(.bss) for buttons
    controller.o(.ARM.exidx) refers to controller.o(i._Z10btnPressed8position) for i._Z10btnPressed8position
    controller.o(.ARM.exidx) refers to controller.o(i._Z13jsPrsdAndRlsd8position) for i._Z13jsPrsdAndRlsd8position
    controller.o(.ARM.exidx) refers to controller.o(i._Z12gameControlsv) for i._Z12gameControlsv
    controller.o(.ARM.exidx) refers to controller.o(i._Z5startv) for i._Z5startv
    controller.o(.ARM.exidx) refers to controller.o(i._Z10startagainv) for i._Z10startagainv
    controller.o(.ARM.exidx) refers to controller.o(i.__sti___14_controller_cpp_buttons) for i.__sti___14_controller_cpp_buttons
    controller.o(.init_array) refers to controller.o(i.__sti___14_controller_cpp_buttons) for __sti___14_controller_cpp_buttons
    controller.o(.init_array) refers to init_aeabi.o(.text) for __cpp_initialize__aeabi_
    model.o(i._Z10fireMisslev) refers to model.o(i._Z9allocnodev) for allocnode()
    model.o(i._Z10fireMisslev) refers to model.o(i._Z11spawnObjectP7missile) for spawnObject(missile*)
    model.o(i._Z10fireMisslev) refers to model.o(.data) for missile_active
    model.o(i._Z10screenWrapv) refers to model.o(.data) for ship_start_x
    model.o(i._Z11spawnObjectP7missile) refers to model.o(i._ZSt3cosf) for std::cos(float)
    model.o(i._Z11spawnObjectP7missile) refers to model.o(i._ZSt3sinf) for std::sin(float)
    model.o(i._Z11spawnObjectP7missile) refers to model.o(.data) for ship_start_x
    model.o(i._Z11spawnObjectP8asteroid) refers to utils.o(i._Z9randrangeii) for randrange(int, int)
    model.o(i._Z13updateMissileP7missile) refers to model.o(i._Z8freenodeP7missile) for freenode(missile*)
    model.o(i._Z14initialiseGamev) refers to model.o(.data) for ship_start_x
    model.o(i._Z14spawnAsteroidsv) refers to model.o(i._Z17asteroidallocnodev) for asteroidallocnode()
    model.o(i._Z14spawnAsteroidsv) refers to model.o(i._Z11spawnObjectP8asteroid) for spawnObject(asteroid*)
    model.o(i._Z14spawnAsteroidsv) refers to model.o(.data) for asteroid_active
    model.o(i._Z14updateAsteroidP8asteroid) refers to model.o(i._Z16asteroidfreenodeP8asteroid) for asteroidfreenode(asteroid*)
    model.o(i._Z15initialise_heapv) refers to model.o(.bss) for heap
    model.o(i._Z15initialise_heapv) refers to model.o(.data) for freenodes
[...]
    EaLcdBoardGPIO::EaLcdBoardGPIO(PinName, PinName) 0x00005f9d   Thumb Code   150  ealcdboardgpio.o(i._ZN14EaLcdBoardGPIOC1E7PinNameS0_)
    EaLcdBoardGPIO::EaLcdBoardGPIO__sub_object(PinName, PinName) 0x00005f9d   Thumb Code     0  ealcdboardgpio.o(i._ZN14EaLcdBoardGPIOC1E7PinNameS0_)
    mbed::DigitalOut::DigitalOut(PinName)    0x00006039   Thumb Code    26  ealcdboardgpio.o(i._ZN4mbed10DigitalOutC1E7PinName)
    mbed::DigitalOut::DigitalOut__sub_object(PinName) 0x00006039   Thumb Code     0  ealcdboardgpio.o(i._ZN4mbed10DigitalOutC1E7PinName)
    mbed::DigitalOut::operator =(int)        0x00006055   Thumb Code    64  ealcdboardgpio.o(i._ZN4mbed10DigitalOutaSEi)
    mbed::FileHandle::flen()                 0x000060b1   Thumb Code    58  filelike.o(i._ZN4mbed10FileHandle4flenEv)
    mbed::TimerEvent::irq(unsigned)          0x000060eb   Thumb Code    16  timerevent.o(i._ZN4mbed10TimerEvent3irqEj)
    mbed::TimerEvent::insert(unsigned)       0x000060fb   Thumb Code    20  timerevent.o(i._ZN4mbed10TimerEvent6insertEj)
    mbed::TimerEvent::remove()               0x0000610f   Thumb Code    14  timerevent.o(i._ZN4mbed10TimerEvent6removeEv)
    mbed::TimerEvent::TimerEvent__sub_object() 0x0000611d   Thumb Code    34  timerevent.o(i._ZN4mbed10TimerEventC2Ev)
    mbed::TimerEvent::~TimerEvent()          0x00006149   Thumb Code     0  timerevent.o(i._ZN4mbed10TimerEventD2Ev)
    mbed::TimerEvent::~TimerEvent__sub_object() 0x00006149   Thumb Code    18  timerevent.o(i._ZN4mbed10TimerEventD2Ev)
    mbed::mbed_set_unbuffered_stream(std::__FILE*) 0x00006161   Thumb Code    14  retarget.o(i._ZN4mbed26mbed_set_unbuffered_streamEPSt6__FILE)
    mbed::I2C::read(int, char*, int, bool)   0x0000616f   Thumb Code    58  i2c.o(i._ZN4mbed3I2C4readEiPcib)
    mbed::I2C::write(int, const char*, int, bool) 0x000061a9   Thumb Code    58  i2c.o(i._ZN4mbed3I2C5writeEiPKcib)
    mbed::I2C::aquire()                      0x000061e5   Thumb Code    26  i2c.o(i._ZN4mbed3I2C6aquireEv)
    mbed::I2C::I2C(PinName, PinName)         0x00006205   Thumb Code    34  i2c.o(i._ZN4mbed3I2CC1E7PinNameS1_)
    mbed::I2C::I2C__sub_object(PinName, PinName) 0x00006205   Thumb Code     0  i2c.o(i._ZN4mbed3I2CC1E7PinNameS1_)
    mbed::Stream::flen()                     0x00006231   Thumb Code     6  stream.o(i._ZN4mbed6Stream4flenEv)
    mbed::Stream::close()                    0x00006237   Thumb Code     6  stream.o(i._ZN4mbed6Stream5closeEv)
    mbed::Stream::lseek(long, int)           0x0000623d   Thumb Code     6  stream.o(i._ZN4mbed6Stream5lseekEli)
    mbed::Stream::write(const void*, unsigned) 0x00006243   Thumb Code    48  stream.o(i._ZN4mbed6Stream5writeEPKvj)
    mbed::Stream::isatty()                   0x00006273   Thumb Code     6  stream.o(i._ZN4mbed6Stream6isattyEv)
    mbed::Stream::printf(const char*, ...)   0x00006279   Thumb Code    40  stream.o(i._ZN4mbed6Stream6printfEPKcz)
    mbed::Stream::Stream__sub_object(const char*) 0x000062a1   Thumb Code    58  stream.o(i._ZN4mbed6StreamC2EPKc)
    mbed::Ticker::setup(unsigned)            0x000062e9   Thumb Code    34  ticker.o(i._ZN4mbed6Ticker5setupEj)
    mbed::Ticker::attach(void(*)(), float)   0x0000630d   Thumb Code    56  asteroids.o(i._ZN4mbed6Ticker6attachEPFvvEf)
    mbed::Ticker::detach()                   0x00006349   Thumb Code    22  ticker.o(i._ZN4mbed6Ticker6detachEv)
    mbed::Ticker::handler()                  0x0000635f   Thumb Code    56  ticker.o(i._ZN4mbed6Ticker7handlerEv)
    mbed::Ticker::Ticker()                   0x00006399   Thumb Code    40  asteroids.o(i._ZN4mbed6TickerC1Ev)
    mbed::Ticker::Ticker__sub_object()       0x00006399   Thumb Code     0  asteroids.o(i._ZN4mbed6TickerC1Ev)
    mbed::Ticker::~Ticker()                  0x000063c5   Thumb Code    26  asteroids.o(i._ZN4mbed6TickerD1Ev)
    mbed::Ticker::~Ticker__sub_object()      0x000063c5   Thumb Code     0  asteroids.o(i._ZN4mbed6TickerD1Ev)
    mbed::FileBase::getPathType()            0x000063e5   Thumb Code     6  filebase.o(i._ZN4mbed8FileBase11getPathTypeEv)
    mbed::FileBase::lookup(const char*, unsigned) 0x000063ed   Thumb Code    52  filebase.o(i._ZN4mbed8FileBase6lookupEPKcj)
    mbed::FileBase::FileBase(const char*, mbed::PathType) 0x00006425   Thumb Code    32  filebase.o(i._ZN4mbed8FileBaseC1EPKcNS_8PathTypeE)
    mbed::FileBase::FileBase__sub_object(const char*, mbed::PathType) 0x00006425   Thumb Code     0  filebase.o(i._ZN4mbed8FileBaseC1EPKcNS_8PathTypeE)
    mbed::FileLike::FileLike__sub_object(const char*) 0x0000644d   Thumb Code    34  filelike.o(i._ZN4mbed8FileLikeC2EPKc)
    mbed::FilePath::fileSystem()             0x00006479   Thumb Code    20  filepath.o(i._ZN4mbed8FilePath10fileSystemEv)
    mbed::FilePath::isFileSystem()           0x0000648d   Thumb Code    28  filepath.o(i._ZN4mbed8FilePath12isFileSystemEv)
    mbed::FilePath::file()                   0x000064a9   Thumb Code    30  filepath.o(i._ZN4mbed8FilePath4fileEv)
    mbed::FilePath::exists()                 0x000064c7   Thumb Code    14  filepath.o(i._ZN4mbed8FilePath6existsEv)
    mbed::FilePath::isFile()                 0x000064d5   Thumb Code    28  filepath.o(i._ZN4mbed8FilePath6isFileEv)
    mbed::FilePath::fileName()               0x000064f1   Thumb Code     6  filepath.o(i._ZN4mbed8FilePath8fileNameEv)
    mbed::FilePath::FilePath(const char*)    0x000064f7   Thumb Code    86  filepath.o(i._ZN4mbed8FilePathC1EPKc)
    mbed::FilePath::FilePath__sub_object(const char*) 0x000064f7   Thumb Code     0  filepath.o(i._ZN4mbed8FilePathC1EPKc)
    mbed::DigitalIn::read()                  0x0000654d   Thumb Code    48  controller.o(i._ZN4mbed9DigitalIn4readEv)
    mbed::DigitalIn::DigitalIn(PinName)      0x00006599   Thumb Code    26  controller.o(i._ZN4mbed9DigitalInC1E7PinName)
    mbed::DigitalIn::DigitalIn__sub_object(PinName) 0x00006599   Thumb Code     0  controller.o(i._ZN4mbed9DigitalInC1E7PinName)
    GFXFb::fillScreen(unsigned short)        0x000065b3   Thumb Code    38  gfxfb.o(i._ZN5GFXFb10fillScreenEt)
    GFXFb::drawFastVLine(short, short, short, unsigned short) 0x000065d9   Thumb Code   104  gfxfb.o(i._ZN5GFXFb13drawFastVLineEssst)
    GFXFb::drawPixel(short, short, unsigned short) 0x00006641   Thumb Code    70  gfxfb.o(i._ZN5GFXFb9drawPixelEsst)
    GFXFb::GFXFb(unsigned short, unsigned short, unsigned short*) 0x00006689   Thumb Code    36  gfxfb.o(i._ZN5GFXFbC1EttPt)
    GFXFb::GFXFb__sub_object(unsigned short, unsigned short, unsigned short*) 0x00006689   Thumb Code     0  gfxfb.o(i._ZN5GFXFbC1EttPt)
    Display::theDisplay()                    0x000066b1   Thumb Code    50  display.o(i._ZN7Display10theDisplayEv)
    Display::_putc(int)                      0x000066ed   Thumb Code    20  display.o(i._ZN7Display5_putcEi)
    Display::Display()                       0x00006701   Thumb Code   272  display.o(i._ZN7DisplayC1Ev)
    Display::Display__sub_object()           0x00006701   Thumb Code     0  display.o(i._ZN7DisplayC1Ev)
    std::cos(float)                          0x00006851   Thumb Code    24  model.o(i._ZSt3cosf)
    std::sin(float)                          0x00006869   Thumb Code    24  model.o(i._ZSt3sinf)
    operator new(unsigned)                   0x00006881   Thumb Code    34  new.o(i._Znwj)
    __ARM_fpclassify                         0x000068a9   Thumb Code    48  fpclassify.o(i.__ARM_fpclassify)
    __ARM_fpclassifyf                        0x000068d9   Thumb Code    38  fpclassifyf.o(i.__ARM_fpclassifyf)
    __cxa_guard_acquire                      0x000068ff   Thumb Code    16  cxa_guard_acquire.o(i.__cxa_guard_acquire)
    __cxa_pure_virtual                       0x0000690f   Thumb Code     6  pure_virt.o(i.__cxa_pure_virtual)
    __hardfp_cosf                            0x00006915   Thumb Code   280  cosf.o(i.__hardfp_cosf)
    __hardfp_sinf                            0x00006a65   Thumb Code   344  sinf.o(i.__hardfp_sinf)
    __mathlib_flt_infnan                     0x00006bf5   Thumb Code     6  funder.o(i.__mathlib_flt_infnan)
    __mathlib_flt_invalid                    0x00006bfd   Thumb Code    10  funder.o(i.__mathlib_flt_invalid)
    __mathlib_flt_underflow                  0x00006c0d   Thumb Code    10  funder.o(i.__mathlib_flt_underflow)
    __mathlib_rredf2                         0x00006c1d   Thumb Code   316  rredf.o(i.__mathlib_rredf2)
    __reserved_stack_size                    0x00006d71   Thumb Code     6  sdram.o(i.__reserved_stack_size)
    __rt_heap_extend                         0x00006d79   Thumb Code    54  sdram.o(i.__rt_heap_extend)
    __user_setup_stackheap                   0x00006e61   Thumb Code    42  sys.o(i.__user_setup_stackheap)
    _is_digit                                0x00006eeb   Thumb Code    14  __printf_wp.o(i._is_digit)
    _sys_close                               0x00006ef9   Thumb Code    44  retarget.o(i._sys_close)
    _sys_flen                                0x00006f29   Thumb Code    38  retarget.o(i._sys_flen)
    _sys_istty                               0x00006f55   Thumb Code    38  retarget.o(i._sys_istty)
    _sys_open                                0x00006f81   Thumb Code   284  retarget.o(i._sys_open)
    _sys_seek                                0x000070b1   Thumb Code    44  retarget.o(i._sys_seek)
    _sys_write                               0x000070e1   Thumb Code    88  retarget.o(i._sys_write)
    error                                    0x00007145   Thumb Code    28  error.o(i.error)
    exit                                     0x00007165   Thumb Code    24  retarget.o(i.exit)
    fpu_init                                 0x00007185   Thumb Code    62  system_lpc407x_8x_177x_8x.o(i.fpu_init)
    fputc                                    0x000071d5   Thumb Code    26  fputc.o(i.fputc)
    get_us_ticker_data                       0x000071f1   Thumb Code     4  us_ticker_api.o(i.get_us_ticker_data)
    gpio_dir                                 0x000071f9   Thumb Code    68  gpio_api.o(i.gpio_dir)
    gpio_init                                0x00007289   Thumb Code    50  gpio_api.o(i.gpio_init)
    gpio_init_in                             0x000072c1   Thumb Code    18  gpio.o(i.gpio_init_in)
    gpio_init_in_ex                          0x000072d3   Thumb Code    20  gpio.o(i.gpio_init_in_ex)
    gpio_init_out                            0x000072e7   Thumb Code    18  gpio.o(i.gpio_init_out)
    gpio_init_out_ex                         0x000072f9   Thumb Code    22  gpio.o(i.gpio_init_out_ex)
    gpio_mode                                0x0000730f   Thumb Code    18  gpio_api.o(i.gpio_mode)
    gpio_set                                 0x00007321   Thumb Code    40  gpio_api.o(i.gpio_set)
    i2c_frequency                            0x00007535   Thumb Code    22  i2c_api.o(i.i2c_frequency)
    i2c_init                                 0x00007551   Thumb Code   218  i2c_api.o(i.i2c_init)
    i2c_read                                 0x00007695   Thumb Code   176  i2c_api.o(i.i2c_read)
    i2c_start                                0x00007745   Thumb Code    72  i2c_api.o(i.i2c_start)
    i2c_stop                                 0x00007795   Thumb Code    58  i2c_api.o(i.i2c_stop)
    i2c_write                                0x000077fd   Thumb Code   130  i2c_api.o(i.i2c_write)
    $Super$$main                             0x00007881   Thumb Code   168  asteroids.o(i.main)
    mbed_assert_internal                     0x0000795d   Thumb Code    22  assert.o(i.mbed_assert_internal)
    mbed_die                                 0x000079a9   Thumb Code   116  board.o(i.mbed_die)
    mbed_main                                0x00007a1d   Thumb Code     2  retarget.o(i.mbed_main)
    mbed_sdk_init                            0x00007a1f   Thumb Code     2  retarget.o(i.mbed_sdk_init)
    pin_function                             0x00007a21   Thumb Code    42  pinmap.o(i.pin_function)
    pin_mode                                 0x00007a95   Thumb Code    66  pinmap.o(i.pin_mode)
    pinmap_find_peripheral                   0x00007b21   Thumb Code    32  pinmap_common.o(i.pinmap_find_peripheral)
    pinmap_merge                             0x00007b41   Thumb Code    42  pinmap_common.o(i.pinmap_merge)
    pinmap_peripheral                        0x00007b81   Thumb Code    44  pinmap_common.o(i.pinmap_peripheral)
    pinmap_pinout                            0x00007bcd   Thumb Code    62  pinmap_common.o(i.pinmap_pinout)
    pwmout_init                              0x00007c21   Thumb Code   184  pwmout_api.o(i.pwmout_init)
    pwmout_period_ms                         0x00007d15   Thumb Code    22  pwmout_api.o(i.pwmout_period_ms)
    pwmout_period_us                         0x00007d2d   Thumb Code    64  pwmout_api.o(i.pwmout_period_us)
    pwmout_write                             0x00007d71   Thumb Code   100  pwmout_api.o(i.pwmout_write)
    serial_baud                              0x00007dd9   Thumb Code   320  serial_api.o(i.serial_baud)
    serial_format                            0x00007f1d   Thumb Code   168  serial_api.o(i.serial_format)
    serial_init                              0x00008019   Thumb Code   378  serial_api.o(i.serial_init)
    serial_putc                              0x000081c5   Thumb Code    24  serial_api.o(i.serial_putc)
    serial_writable                          0x000081dd   Thumb Code    12  serial_api.o(i.serial_writable)
    ticker_insert_event                      0x000081e9   Thumb Code    80  ticker_api.o(i.ticker_insert_event)
    ticker_irq_handler                       0x00008239   Thumb Code    90  ticker_api.o(i.ticker_irq_handler)
    ticker_read                              0x00008293   Thumb Code    12  ticker_api.o(i.ticker_read)
    ticker_remove_event                      0x0000829f   Thumb Code    82  ticker_api.o(i.ticker_remove_event)
    ticker_set_handler                       0x000082f1   Thumb Code    18  ticker_api.o(i.ticker_set_handler)
    us_ticker_clear_interrupt                0x00008305   Thumb Code     8  us_ticker.o(i.us_ticker_clear_interrupt)
    us_ticker_disable_interrupt              0x00008311   Thumb Code    14  us_ticker.o(i.us_ticker_disable_interrupt)
    us_ticker_init                           0x00008325   Thumb Code    92  us_ticker.o(i.us_ticker_init)
    us_ticker_irq_handler                    0x00008399   Thumb Code    10  us_ticker_api.o(i.us_ticker_irq_handler)
    us_ticker_read                           0x000083a9   Thumb Code    18  us_ticker.o(i.us_ticker_read)
    us_ticker_set_interrupt                  0x000083c5   Thumb Code    16  us_ticker.o(i.us_ticker_set_interrupt)
    wait                                     0x000083d9   Thumb Code    36  wait_api.o(i.wait)
    wait_ms                                  0x00008401   Thumb Code    18  wait_api.o(i.wait_ms)
    wait_us                                  0x00008413   Thumb Code    24  wait_api.o(i.wait_us)
    _get_lc_numeric                          0x0000842d   Thumb Code    44  lc_numeric_c.o(locale$$code)
    _get_lc_ctype                            0x00008459   Thumb Code    44  lc_ctype_c.o(locale$$code)
    mbed::FunctionPointerArg1<void, void>::attach(void(*)()) 0x00008485   Thumb Code     8  asteroids.o(t._ZN4mbed19FunctionPointerArg1IvvE6attachEPFvvE)
    __aeabi_d2f                              0x0000848d   Thumb Code     0  d2f.o(x$fpl$d2f)
    _d2f                                     0x0000848d   Thumb Code    98  d2f.o(x$fpl$d2f)
    __aeabi_dadd                             0x000084f1   Thumb Code     0  daddsub_clz.o(x$fpl$dadd)
    _dadd                                    0x000084f1   Thumb Code   332  daddsub_clz.o(x$fpl$dadd)
    __fpl_dcmp_Inf                           0x00008641   Thumb Code    24  dcmpi.o(x$fpl$dcmpinf)
    __aeabi_cdcmple                          0x00008659   Thumb Code     0  dleqf.o(x$fpl$dleqf)
    _dcmple                                  0x00008659   Thumb Code   120  dleqf.o(x$fpl$dleqf)
    __fpl_dcmple_InfNaN                      0x000086bb   Thumb Code     0  dleqf.o(x$fpl$dleqf)
    __aeabi_dmul                             0x000086d1   Thumb Code     0  dmul.o(x$fpl$dmul)
    _dmul                                    0x000086d1   Thumb Code   332  dmul.o(x$fpl$dmul)
    __fpl_dnaninf                            0x00008825   Thumb Code   156  dnaninf.o(x$fpl$dnaninf)
    __fpl_dretinf                            0x000088c1   Thumb Code    12  dretinf.o(x$fpl$dretinf)
    __aeabi_cdrcmple                         0x000088cd   Thumb Code     0  drleqf.o(x$fpl$drleqf)
    _drcmple                                 0x000088cd   Thumb Code   108  drleqf.o(x$fpl$drleqf)
    __aeabi_dsub                             0x00008939   Thumb Code     0  daddsub_clz.o(x$fpl$dsub)
    _dsub                                    0x00008939   Thumb Code   464  daddsub_clz.o(x$fpl$dsub)
    __aeabi_f2d                              0x00008b0d   Thumb Code     0  f2d.o(x$fpl$f2d)
    _f2d                                     0x00008b0d   Thumb Code    86  f2d.o(x$fpl$f2d)
    __fpl_fnaninf                            0x00008b63   Thumb Code   140  fnaninf.o(x$fpl$fnaninf)
    _fp_init                                 0x00008bef   Thumb Code    10  fpinit.o(x$fpl$fpinit)
    __fplib_config_fpu_vfp                   0x00008bf7   Thumb Code     0  fpinit.o(x$fpl$fpinit)
    __fplib_config_pureend_doubles           0x00008bf7   Thumb Code     0  fpinit.o(x$fpl$fpinit)
    __fpl_fretinf                            0x00008bf9   Thumb Code    10  fretinf.o(x$fpl$fretinf)
    _printf_fp_dec                           0x00008c03   Thumb Code     4  printf1.o(x$fpl$printf1)
    _printf_fp_hex                           0x00008c07   Thumb Code     4  printf2.o(x$fpl$printf2)
    __I$use$fp                               0x00008c0a   Number         0  usenofp.o(x$fpl$usenofp)
    __stdin_name                             0x00009124   Data           7  retarget.o(.constdata)
    __stdout_name                            0x0000912b   Data           8  retarget.o(.constdata)
    __stderr_name                            0x00009133   Data           8  retarget.o(.constdata)
    vtable for EaLcdBoard                    0x00009640   Data          28  ealcdboard.o(.constdata__ZTV10EaLcdBoard)
    vtable for Adafruit_GFX                  0x0000965c   Data          44  adafruit_gfx.o(.constdata__ZTV12Adafruit_GFX)
    vtable for EaLcdBoardGPIO                0x00009688   Data          28  ealcdboardgpio.o(.constdata__ZTV14EaLcdBoardGPIO)
    vtable for GFXFb                         0x000096a4   Data          44  gfxfb.o(.constdata__ZTV5GFXFb)
    vtable for Display                       0x000096d0   Data         112  display.o(.constdata__ZTV7Display)
    vtable for mbed::FileHandle              0x00009740   Data          44  retarget.o(.constdata__ZTVN4mbed10FileHandleE)
    vtable for mbed::TimerEvent              0x0000976c   Data          20  timerevent.o(.constdata__ZTVN4mbed10TimerEventE)
    vtable for mbed::Stream                  0x00009780   Data          68  stream.o(.constdata__ZTVN4mbed6StreamE)
    vtable for mbed::Ticker                  0x000097c4   Data          20  ticker.o(.constdata__ZTVN4mbed6TickerE)
    vtable for mbed::FileBase                0x000097d8   Data          16  filebase.o(.constdata__ZTVN4mbed8FileBaseE)
    vtable for mbed::FileLike                0x000097e8   Data          60  filelike.o(.constdata__ZTVN4mbed8FileLikeE)
    Region$$Table$$Base                      0x00009978   Number         0  anon$$obj.o(Region$$Table)
    Region$$Table$$Limit                     0x00009998   Number         0  anon$$obj.o(Region$$Table)
    __ctype                                  0x000099c1   Data           0  lc_ctype_c.o(locale$$data)
    SHT$$INIT_ARRAY$$Base                    0x00009ac4   Number         0  controller.o(.init_array)
    SHT$$INIT_ARRAY$$Limit                   0x00009ad0   Number         0  init_aeabi.o(.init_array)
    current_life_timeAlive                   0x10000298   Data           4  model.o(.data)
    total_timeAlive                          0x1000029c   Data           4  model.o(.data)
    lives                                    0x100002a0   Data           4  model.o(.data)
    shieldActive                             0x100002a4   Data           1  model.o(.data)
    shieldHealth                             0x100002a8   Data           4  model.o(.data)
    ship_start_x                             0x100002ac   Data           4  model.o(.data)
    ship_start_y                             0x100002b0   Data           4  model.o(.data)
    ship_heading                             0x100002b4   Data           4  model.o(.data)
    ship_headingRadians                      0x100002b8   Data           4  model.o(.data)
    point_x                                  0x100002bc   Data           4  model.o(.data)
    point_y                                  0x100002c0   Data           4  model.o(.data)
    ship_left_x                              0x100002c4   Data           4  model.o(.data)
    ship_left_y                              0x100002c8   Data           4  model.o(.data)
    ship_right_x                             0x100002cc   Data           4  model.o(.data)
    ship_right_y                             0x100002d0   Data           4  model.o(.data)
    ship_speed                               0x100002d8   Data           8  model.o(.data)
    acceleration                             0x100002e0   Data           8  model.o(.data)
    missile_active                           0x100002e8   Data           4  model.o(.data)
    asteroid_active                          0x100002ec   Data           4  model.o(.data)
    graphics                                 0x100003b8   Data           4  view.o(.data)
    Dt                                       0x10000484   Data           4  asteroids.o(.data)
    paused                                   0x10000488   Data           1  asteroids.o(.data)
    playing                                  0x10000489   Data           1  asteroids.o(.data)
    SystemCoreClock                          0x1000048c   Data           4  system_lpc407x_8x_177x_8x.o(.data)
    PeripheralClock                          0x10000490   Data           4  system_lpc407x_8x_177x_8x.o(.data)
    EMCClock                                 0x10000494   Data           4  system_lpc407x_8x_177x_8x.o(.data)
    USBClock                                 0x10000498   Data           4  system_lpc407x_8x_177x_8x.o(.data)
    mbed::FileBase::_head                    0x100004bc   Data           4  filebase.o(.data)
    mbed::I2C::_owner                        0x100004c0   Data           4  i2c.o(.data)
    us_ticker_inited                         0x100004c4   Data           4  us_ticker.o(.data)
    stdio_uart_inited                        0x100004d0   Data           4  serial_api.o(.data)
    stdio_uart                               0x100004d4   Data           8  serial_api.o(.data)
    LcdController::_lcdControllerUsed        0x100004dc   Data           1  lcdcontroller.o(.data)
    __aeabi_stdin                            0x100004e0   Data           4  stdio_streams.o(.data)
    __aeabi_stdout                           0x100004e4   Data           4  stdio_streams.o(.data)
    __aeabi_stderr                           0x100004e8   Data           4  stdio_streams.o(.data)
    buttons                                  0x100004ec   Data         120  controller.o(.bss)
    model                                    0x10000844   Data          48  asteroids.o(.bss)
    view                                     0x10000874   Data          48  asteroids.o(.bss)
    controller                               0x100008a4   Data          48  asteroids.o(.bss)
    asteroids                                0x100008d4   Data          48  asteroids.o(.bss)
    __stdin                                  0x10000d44   Data          84  stdio_streams.o(.bss)
    __stdout                                 0x10000d98   Data          84  stdio_streams.o(.bss)
    __stderr                                 0x10000dec   Data          84  stdio_streams.o(.bss)
    _random_number_data                      0x10000e40   Data         228  rand.o(.bss)
    Image$$RW_IRAM1$$ZI$$Limit               0x10000f4c   Number         0  anon$$obj.o ABSOLUTE



==============================================================================

Memory Map of the image

  Image entry point : Not specified.

  Load Region LR_IROM1 (Base: 0x00000000, Size: 0x00009ed4, Max: 0x00080000, ABSOLUTE, COMPRESSED[0x00009bc4])

    Execution Region ER_IROM1 (Base: 0x00000000, Size: 0x00009ad0, Max: 0x00080000, ABSOLUTE)

    Base Addr    Size         Type   Attr      Idx    E Section Name        Object

    0x00000000   0x000000e4   Data   RO          934    RESET               startup_lpc407x_8x_177x_8x.o
    0x000000e4   0x00000008   Code   RO         4614  * !!!main             c_w.l(__main.o)
    0x000000ec   0x00000034   Code   RO         5399    !!!scatter          c_w.l(__scatter.o)
    0x00000120   0x00000064   Code   RO         5397    !!dclz77c           c_w.l(__dclz77c.o)
    0x00000184   0x0000001c   Code   RO         5401    !!handler_zi        c_w.l(__scatter_zi.o)
    0x000001a0   0x00000000   Code   RO         4546    .ARM.Collect$$_printf_percent$$00000000  c_w.l(_printf_percent.o)
    0x000001a0   0x00000006   Code   RO         4855    .ARM.Collect$$_printf_percent$$00000001  c_w.l(_printf_n.o)
    0x000001a6   0x00000006   Code   RO         4545    .ARM.Collect$$_printf_percent$$00000002  c_w.l(_printf_p.o)
    0x000001ac   0x00000006   Code   RO         4861    .ARM.Collect$$_printf_percent$$00000003  c_w.l(_printf_f.o)
    0x000001b2   0x00000006   Code   RO         4862    .ARM.Collect$$_printf_percent$$00000004  c_w.l(_printf_e.o)
    0x000001b8   0x00000006   Code   RO         4863    .ARM.Collect$$_printf_percent$$00000005  c_w.l(_printf_g.o)
    0x000001be   0x00000006   Code   RO         4864    .ARM.Collect$$_printf_percent$$00000006  c_w.l(_printf_a.o)
    0x000001c4   0x0000000a   Code   RO         4869    .ARM.Collect$$_printf_percent$$00000007  c_w.l(_printf_ll.o)
    0x000001ce   0x00000006   Code   RO         4858    .ARM.Collect$$_printf_percent$$00000008  c_w.l(_printf_i.o)
    0x000001d4   0x00000006   Code   RO         4859    .ARM.Collect$$_printf_percent$$00000009  c_w.l(_printf_d.o)
    0x000001da   0x00000006   Code   RO         4860    .ARM.Collect$$_printf_percent$$0000000A  c_w.l(_printf_u.o)
    0x000001e0   0x00000006   Code   RO         4857    .ARM.Collect$$_printf_percent$$0000000B  c_w.l(_printf_o.o)
    0x000001e6   0x00000006   Code   RO         4856    .ARM.Collect$$_printf_percent$$0000000C  c_w.l(_printf_x.o)
    0x000001ec   0x00000006   Code   RO         4866    .ARM.Collect$$_printf_percent$$0000000D  c_w.l(_printf_lli.o)
    0x000001f2   0x00000006   Code   RO         4867    .ARM.Collect$$_printf_percent$$0000000E  c_w.l(_printf_lld.o)
    0x000001f8   0x00000006   Code   RO         4868    .ARM.Collect$$_printf_percent$$0000000F  c_w.l(_printf_llu.o)
    0x000001fe   0x00000006   Code   RO         4873    .ARM.Collect$$_printf_percent$$00000010  c_w.l(_printf_llo.o)
    0x00000204   0x00000006   Code   RO         4874    .ARM.Collect$$_printf_percent$$00000011  c_w.l(_printf_llx.o)
    0x0000020a   0x0000000a   Code   RO         4870    .ARM.Collect$$_printf_percent$$00000012  c_w.l(_printf_l.o)
    0x00000214   0x00000006   Code   RO         4853    .ARM.Collect$$_printf_percent$$00000013  c_w.l(_printf_c.o)
    0x0000021a   0x00000006   Code   RO         4854    .ARM.Collect$$_printf_percent$$00000014  c_w.l(_printf_s.o)
    0x00000220   0x00000006   Code   RO         4871    .ARM.Collect$$_printf_percent$$00000015  c_w.l(_printf_lc.o)
    0x00000226   0x00000006   Code   RO         4872    .ARM.Collect$$_printf_percent$$00000016  c_w.l(_printf_ls.o)
    0x0000022c   0x00000004   Code   RO         4865    .ARM.Collect$$_printf_percent$$00000017  c_w.l(_printf_percent_end.o)
    0x00000230   0x00000002   Code   RO         5271    .ARM.Collect$$libinit$$00000000  c_w.l(libinit.o)
    0x00000232   0x00000004   Code   RO         4925    .ARM.Collect$$libinit$$00000001  c_w.l(libinit2.o)
    0x00000236   0x00000000   Code   RO         4928    .ARM.Collect$$libinit$$00000004  c_w.l(libinit2.o)
    0x00000236   0x00000008   Code   RO         4929    .ARM.Collect$$libinit$$00000005  c_w.l(libinit2.o)
    0x0000023e   0x00000000   Code   RO         4931    .ARM.Collect$$libinit$$0000000A  c_w.l(libinit2.o)
    0x0000023e   0x00000000   Code   RO         4933    .ARM.Collect$$libinit$$0000000C  c_w.l(libinit2.o)
    0x0000023e   0x00000004   Code   RO         4934    .ARM.Collect$$libinit$$0000000D  c_w.l(libinit2.o)
    0x00000242   0x00000000   Code   RO         4935    .ARM.Collect$$libinit$$0000000E  c_w.l(libinit2.o)
    0x00000242   0x00000006   Code   RO         4936    .ARM.Collect$$libinit$$0000000F  c_w.l(libinit2.o)
    0x00000248   0x00000000   Code   RO         4938    .ARM.Collect$$libinit$$00000011  c_w.l(libinit2.o)
    0x00000248   0x0000000c   Code   RO         4939    .ARM.Collect$$libinit$$00000012  c_w.l(libinit2.o)
    0x00000254   0x00000000   Code   RO         4940    .ARM.Collect$$libinit$$00000013  c_w.l(libinit2.o)
    0x00000254   0x00000000   Code   RO         4942    .ARM.Collect$$libinit$$00000015  c_w.l(libinit2.o)
    0x00000254   0x0000000a   Code   RO         4943    .ARM.Collect$$libinit$$00000016  c_w.l(libinit2.o)
    0x0000025e   0x00000000   Code   RO         4944    .ARM.Collect$$libinit$$00000017  c_w.l(libinit2.o)
    0x0000025e   0x00000000   Code   RO         4946    .ARM.Collect$$libinit$$00000019  c_w.l(libinit2.o)
    0x0000025e   0x00000000   Code   RO         4948    .ARM.Collect$$libinit$$0000001B  c_w.l(libinit2.o)
    0x0000025e   0x00000000   Code   RO         4950    .ARM.Collect$$libinit$$0000001D  c_w.l(libinit2.o)
    0x0000025e   0x00000000   Code   RO         4952    .ARM.Collect$$libinit$$0000001F  c_w.l(libinit2.o)
    0x0000025e   0x00000000   Code   RO         4954    .ARM.Collect$$libinit$$00000021  c_w.l(libinit2.o)
    0x0000025e   0x00000000   Code   RO         4956    .ARM.Collect$$libinit$$00000023  c_w.l(libinit2.o)
    0x0000025e   0x00000004   Code   RO         4957    .ARM.Collect$$libinit$$00000024  c_w.l(libinit2.o)
    0x00000262   0x00000000   Code   RO         4958    .ARM.Collect$$libinit$$00000025  c_w.l(libinit2.o)
    0x00000262   0x00000000   Code   RO         4962    .ARM.Collect$$libinit$$0000002C  c_w.l(libinit2.o)
    0x00000262   0x00000000   Code   RO         4964    .ARM.Collect$$libinit$$0000002E  c_w.l(libinit2.o)
    0x00000262   0x00000000   Code   RO         4966    .ARM.Collect$$libinit$$00000030  c_w.l(libinit2.o)
    0x00000262   0x00000004   Code   RO         4967    .ARM.Collect$$libinit$$00000031  c_w.l(libinit2.o)
    0x00000266   0x00000000   Code   RO         4968    .ARM.Collect$$libinit$$00000032  c_w.l(libinit2.o)
    0x00000266   0x00000002   Code   RO         4969    .ARM.Collect$$libinit$$00000033  c_w.l(libinit2.o)
    0x00000268   0x00000000   Code   RO         5158    .ARM.Collect$$libshutdown$$00000002  c_w.l(libshutdown2.o)
    0x00000268   0x00000000   Code   RO         5160    .ARM.Collect$$libshutdown$$00000004  c_w.l(libshutdown2.o)
    0x00000268   0x00000000   Code   RO         4786    .ARM.Collect$$rtentry$$00000000  c_w.l(__rtentry.o)
    0x00000268   0x00000000   Code   RO         5050    .ARM.Collect$$rtentry$$00000002  c_w.l(__rtentry2.o)
    0x00000268   0x00000006   Code   RO         5062    .ARM.Collect$$rtentry$$00000004  c_w.l(__rtentry4.o)
    0x0000026e   0x00000000   Code   RO         5052    .ARM.Collect$$rtentry$$00000009  c_w.l(__rtentry2.o)
    0x0000026e   0x00000004   Code   RO         5053    .ARM.Collect$$rtentry$$0000000A  c_w.l(__rtentry2.o)
    0x00000272   0x00000000   Code   RO         5055    .ARM.Collect$$rtentry$$0000000C  c_w.l(__rtentry2.o)
    0x00000272   0x00000008   Code   RO         5056    .ARM.Collect$$rtentry$$0000000D  c_w.l(__rtentry2.o)
    0x0000027a   0x00000002   PAD
    0x0000027c   0x00000034   Code   RO         4589    .emb_text           c_w.l(rand.o)
    0x000002b0   0x00000000   Code   RO         5073    .emb_text           c_w.l(maybetermalloc1.o)
    0x000002b0   0x00000012   Code   RO          930  * .text               flipbits.o
    0x000002c2   0x00000002   PAD
    0x000002c4   0x00000024   Code   RO          936    .text               startup_lpc407x_8x_177x_8x.o
    0x000002e8   0x0000000a   Code   RO         4494    .text               c_w.l(vfprintf.o)
    0x000002f2   0x0000000a   Code   RO         4496    .text               c_w.l(c89vfprintf.o)
    0x000002fc   0x00000004   Code   RO          935    .ARM.__at_0x02FC    startup_lpc407x_8x_177x_8x.o
    0x00000300   0x0000005e   Code   RO         4436    .text               c_w.l(h1_alloc.o)
    0x0000035e   0x0000004e   Code   RO         4438    .text               c_w.l(h1_free.o)
    0x000003ac   0x0000002c   Code   RO         4498    .text               c_w.l(__2sprintf.o)
    0x000003d8   0x00000094   Code   RO         4522    .text               c_w.l(_printf_hex_int_ll_ptr.o)
    0x0000046c   0x00000188   Code   RO         4542    .text               c_w.l(__printf_flags_ss_wp.o)
    0x000005f4   0x0000003c   Code   RO         4549    .text               c_w.l(__0sscanf.o)
    0x00000630   0x0000014c   Code   RO         4551    .text               c_w.l(_scanf_int.o)
    0x0000077c   0x00000064   Code   RO         4553    .text               c_w.l(fflush.o)
    0x000007e0   0x000000ec   Code   RO         4567    .text               c_w.l(fopen.o)
    0x000008cc   0x00000014   Code   RO         4569    .text               c_w.l(setbuf.o)
    0x000008e0   0x0000004c   Code   RO         4577    .text               c_w.l(fclose.o)
    0x0000092c   0x0000003c   Code   RO         4590    .text               c_w.l(rand.o)
    0x00000968   0x0000002e   Code   RO         4597    .text               c_w.l(aeabi_atexit.o)
    0x00000996   0x0000003e   Code   RO         4600    .text               c_w.l(strlen.o)
    0x000009d4   0x00000096   Code   RO         4602    .text               c_w.l(strncmp.o)
    0x00000a6a   0x00000044   Code   RO         4606    .text               c_w.l(rt_memclr.o)
    0x00000aae   0x0000004e   Code   RO         4608    .text               c_w.l(rt_memclr_w.o)
    0x00000afc   0x00000080   Code   RO         4612    .text               c_w.l(strcmpv7m.o)
    0x00000b7c   0x00000024   Code   RO         4619    .text               c_w.l(init_aeabi.o)
    0x00000ba0   0x00000008   Code   RO         4787    .text               c_w.l(rt_heap_descriptor.o)
    0x00000ba8   0x00000008   Code   RO         4792    .text               c_w.l(rt_new_handler_addr.o)
    0x00000bb0   0x00000008   Code   RO         4797    .text               c_w.l(rt_ddtor_pointer_addr.o)
    0x00000bb8   0x00000004   Code   RO         4802    .text               c_w.l(hguard.o)
    0x00000bbc   0x0000008a   Code   RO         4804    .text               c_w.l(init_alloc.o)
    0x00000c46   0x0000000e   Code   RO         4808    .text               c_w.l(h1_init.o)
    0x00000c54   0x00000016   Code   RO         4822    .text               c_w.l(_rserrno.o)
    0x00000c6a   0x0000004e   Code   RO         4824    .text               c_w.l(_printf_pad.o)
    0x00000cb8   0x00000024   Code   RO         4826    .text               c_w.l(_printf_truncate.o)
    0x00000cdc   0x00000052   Code   RO         4828    .text               c_w.l(_printf_str.o)
    0x00000d2e   0x000000b2   Code   RO         4830    .text               c_w.l(_printf_intcommon.o)
    0x00000de0   0x00000078   Code   RO         4832    .text               c_w.l(_printf_dec.o)
    0x00000e58   0x00000028   Code   RO         4834    .text               c_w.l(_printf_charcount.o)
    0x00000e80   0x00000030   Code   RO         4836    .text               c_w.l(_printf_char_common.o)
    0x00000eb0   0x0000000a   Code   RO         4838    .text               c_w.l(_sputc.o)
    0x00000eba   0x00000002   PAD
    0x00000ebc   0x00000024   Code   RO         4840    .text               c_w.l(_printf_char_file.o)
    0x00000ee0   0x000000bc   Code   RO         4842    .text               c_w.l(_printf_wctomb.o)
    0x00000f9c   0x0000007c   Code   RO         4845    .text               c_w.l(_printf_longlong_dec.o)
    0x00001018   0x00000070   Code   RO         4851    .text               c_w.l(_printf_oct_int_ll.o)
    0x00001088   0x0000001c   Code   RO         4875    .text               c_w.l(_chval.o)
    0x000010a4   0x0000002c   Code   RO         4881    .text               c_w.l(scanf_char.o)
    0x000010d0   0x00000040   Code   RO         4883    .text               c_w.l(_sgetc.o)
    0x00001110   0x00000008   Code   RO         4893    .text               c_w.l(ferror.o)
    0x00001118   0x000001d6   Code   RO         4897    .text               c_w.l(flsbuf.o)
    0x000012ee   0x00000002   PAD
    0x000012f0   0x000000f8   Code   RO         4899    .text               c_w.l(fseek.o)
    0x000013e8   0x00000046   Code   RO         4901    .text               c_w.l(setvbuf.o)
    0x0000142e   0x00000002   PAD
    0x00001430   0x000000f0   Code   RO         4903    .text               c_w.l(stdio.o)
    0x00001520   0x00000138   Code   RO         4906    .text               c_w.l(initio.o)
    0x00001658   0x00000042   Code   RO         4914    .text               c_w.l(cxa_finalize.o)
    0x0000169a   0x0000000e   Code   RO         4917    .text               c_w.l(defsig_pvfn_outer.o)
    0x000016a8   0x00000004   Code   RO         4977    .text               cpprt_w.l(arm_newhandler_noexceptions.o)
    0x000016ac   0x00000008   Code   RO         5066    .text               c_w.l(rt_errno_addr.o)
    0x000016b4   0x00000034   Code   RO         5075    .text               c_w.l(h1_extend.o)
    0x000016e8   0x0000008a   Code   RO         5079    .text               c_w.l(lludiv10.o)
    0x00001772   0x00000012   Code   RO         5081    .text               c_w.l(isspace.o)
    0x00001784   0x0000041a   Code   RO         5083    .text               c_w.l(_printf_fp_dec.o)
    0x00001b9e   0x00000002   PAD
    0x00001ba0   0x000002fc   Code   RO         5085    .text               c_w.l(_printf_fp_hex.o)
    0x00001e9c   0x0000002c   Code   RO         5090    .text               c_w.l(_printf_char.o)
    0x00001ec8   0x0000002c   Code   RO         5094    .text               c_w.l(_printf_wchar.o)
    0x00001ef4   0x00000374   Code   RO         5096    .text               c_w.l(_scanf.o)
    0x00002268   0x00000042   Code   RO         5106    .text               c_w.l(ftell.o)
    0x000022aa   0x00000040   Code   RO         5132    .text               c_w.l(_wcrtomb.o)
    0x000022ea   0x0000000a   Code   RO         5134    .text               c_w.l(defsig_exit.o)
    0x000022f4   0x0000000e   Code   RO         5136    .text               c_w.l(defsig_rtred_outer.o)
    0x00002302   0x0000000e   Code   RO         5140    .text               c_w.l(defsig_rtmem_outer.o)
    0x00002310   0x00000030   Code   RO         5144    .text               c_w.l(defsig_pvfn_inner.o)
    0x00002340   0x00000008   Code   RO         5153    .text               c_w.l(heapauxmm.o)
    0x00002348   0x0000001a   Code   RO         5193    .text               cpprt_w.l(arm_exceptions_terminate.o)
    0x00002362   0x00000002   PAD
    0x00002364   0x00000050   Code   RO         5196    .text               cpprt_w.l(arm_exceptions_globs.o)
    0x000023b4   0x0000000c   Code   RO         5204    .text               c_w.l(sys_exit.o)
    0x000023c0   0x00000010   Code   RO         5206    .text               c_w.l(rt_ctype_table.o)
    0x000023d0   0x00000008   Code   RO         5208    .text               c_w.l(rt_locale.o)
    0x000023d8   0x00000008   Code   RO         5213    .text               c_w.l(rt_eh_globals_addr.o)
    0x000023e0   0x00000080   Code   RO         5220    .text               c_w.l(_printf_fp_infnan.o)
    0x00002460   0x000000dc   Code   RO         5222    .text               c_w.l(bigflt0.o)
    0x0000253c   0x00000016   Code   RO         5252    .text               c_w.l(abort.o)
    0x00002552   0x00000032   Code   RO         5256    .text               c_w.l(defsig_general.o)
    0x00002584   0x00000034   Code   RO         5258    .text               c_w.l(defsig_rtred_inner.o)
    0x000025b8   0x00000050   Code   RO         5260    .text               c_w.l(defsig_rtmem_inner.o)
    0x00002608   0x0000003c   Code   RO         5275    .text               cpprt_w.l(arm_exceptions_mem.o)
    0x00002644   0x0000000e   Code   RO         5306    .text               c_w.l(sys_wrch.o)
    0x00002652   0x00000002   Code   RO         5308    .text               c_w.l(use_no_semi.o)
    0x00002654   0x00000000   Code   RO         5310    .text               c_w.l(indicate_semi.o)
    0x00002654   0x0000000e   Code   RO         5324    .text               c_w.l(defsig_abrt_outer.o)
    0x00002662   0x00000002   PAD
    0x00002664   0x00000030   Code   RO         5340    .text               c_w.l(defsig_abrt_inner.o)
    0x00002694   0x0000003e   Code   RO         5225    CL$$btod_d2e        c_w.l(btod.o)
    0x000026d2   0x00000046   Code   RO         5227    CL$$btod_d2e_denorm_low  c_w.l(btod.o)
    0x00002718   0x00000060   Code   RO         5226    CL$$btod_d2e_norm_op1  c_w.l(btod.o)
    0x00002778   0x00000338   Code   RO         5235    CL$$btod_div_common  c_w.l(btod.o)
    0x00002ab0   0x000000c6   Code   RO         5232    CL$$btod_e2e        c_w.l(btod.o)
    0x00002b76   0x00000028   Code   RO         5229    CL$$btod_ediv       c_w.l(btod.o)
    0x00002b9e   0x00000028   Code   RO         5228    CL$$btod_emul       c_w.l(btod.o)
    0x00002bc6   0x00000244   Code   RO         5234    CL$$btod_mult_common  c_w.l(btod.o)
    0x00002e0a   0x00000010   Code   RO         2508    i.$Sub$$main        mbed.lib(retarget.o)
    0x00002e1a   0x00000002   PAD
    0x00002e1c   0x00000040   Code   RO          945    i.NVIC_SetVector    cmsis_nvic.o
    0x00002e5c   0x000002d4   Code   RO         1000    i.SystemCoreClockUpdate  system_lpc407x_8x_177x_8x.o
    0x00003130   0x000000ec   Code   RO         1001    i.SystemInit        system_lpc407x_8x_177x_8x.o
    0x0000321c   0x00000024   Code   RO           60    i._Z10btnPressed8position  controller.o
    0x00003240   0x00000020   Code   RO          388    i._Z10fireMisslev   model.o
    0x00003260   0x00000094   Code   RO          389    i._Z10screenWrapv   model.o
    0x000032f4   0x000000fc   Code   RO         3308    i._Z10sdram_initv   ebb.lib(sdram.o)
    0x000033f0   0x0000005c   Code   RO         3309    i._Z10sdram_testv   ebb.lib(sdram.o)
    0x0000344c   0x0000002c   Code   RO           61    i._Z10startagainv   controller.o
    0x00003478   0x00000048   Code   RO         3310    i._Z11calibrationv  ebb.lib(sdram.o)
    0x000034c0   0x00000084   Code   RO         3311    i._Z11find_cmddlyv  ebb.lib(sdram.o)
    0x00003544   0x00000020   Code   RO         2509    i._Z11init_serialv  mbed.lib(retarget.o)
    0x00003564   0x00000060   Code   RO          390    i._Z11spawnObjectP7missile  model.o
    0x000035c4   0x00000070   Code   RO          391    i._Z11spawnObjectP8asteroid  model.o
    0x00003634   0x00000028   Code   RO         3006    i._Z11str_to_uintPcj  ebb.lib(ealcdboard.o)
    0x0000365c   0x00000040   Code   RO          551    i._Z12drawMissilesP7missile  view.o
    0x0000369c   0x0000008c   Code   RO           62    i._Z12gameControlsv  controller.o
    0x00003728   0x00000020   Code   RO          552    i._Z12init_DBufferv  view.o
    0x00003748   0x0000002c   Code   RO          553    i._Z12swap_DBufferv  view.o
    0x00003774   0x00000058   Code   RO         3312    i._Z13adjust_timingv  ebb.lib(sdram.o)
    0x000037cc   0x00000060   Code   RO          554    i._Z13drawAsteroidsP8asteroid  view.o
    0x0000382c   0x00000084   Code   RO         3313    i._Z13find_fbclkdlyv  ebb.lib(sdram.o)
    0x000038b0   0x00000038   Code   RO           63    i._Z13jsPrsdAndRlsd8position  controller.o
    0x000038e8   0x000000d4   Code   RO          392    i._Z13updateMissileP7missile  model.o
    0x000039bc   0x00000078   Code   RO          393    i._Z14initialiseGamev  model.o
    0x00003a34   0x00000020   Code   RO          394    i._Z14spawnAsteroidsv  model.o
    0x00003a54   0x000000d4   Code   RO          395    i._Z14updateAsteroidP8asteroid  model.o
    0x00003b28   0x00000040   Code   RO          396    i._Z15initialise_heapv  model.o
    0x00003b68   0x00000010   Code   RO          397    i._Z16asteroidfreenodeP8asteroid  model.o
    0x00003b78   0x0000001c   Code   RO          398    i._Z17asteroidallocnodev  model.o
    0x00003b94   0x00000098   Code   RO          555    i._Z18drawGameOverScreenv  view.o
    0x00003c2c   0x0000009c   Code   RO          556    i._Z19drawGameStartScreenv  view.o
    0x00003cc8   0x0000010c   Code   RO          399    i._Z20checkShipHitAsteroidP8asteroid  model.o
    0x00003dd4   0x0000009c   Code   RO          400    i._Z23checkMissileHitAsteroidP7missileP8asteroid  model.o
    0x00003e70   0x00000040   Code   RO          401    i._Z24initialise_asteroid_heapv  model.o
    0x00003eb0   0x000000e0   Code   RO          557    i._Z4drawv          view.o
    0x00003f90   0x00000020   Code   RO           64    i._Z5startv         controller.o
    0x00003fb0   0x000002c8   Code   RO          402    i._Z7physicsv       model.o
    0x00004278   0x00000028   Code   RO            4    i._Z7radiansf       utils.o
    0x000042a0   0x000006f8   Code   RO          558    i._Z8drawShipv      view.o
    0x00004998   0x00000024   Code   RO          559    i._Z8flipBitsv      view.o
    0x000049bc   0x00000010   Code   RO          403    i._Z8freenodeP7missile  model.o
    0x000049cc   0x0000001c   Code   RO          404    i._Z9allocnodev     model.o
    0x000049e8   0x00000168   Code   RO          560    i._Z9drawLivesv     view.o
    0x00004b50   0x00000354   Code   RO         3315    i._Z9pinConfigv     ebb.lib(sdram.o)
    0x00004ea4   0x0000000a   Code   RO         3007    i._Z9port_pin28PortNamei  ebb.lib(ealcdboard.o)
    0x00004eae   0x00000018   Code   RO            5    i._Z9randrangeii    utils.o
    0x00004ec6   0x0000007e   Code   RO         3008    i._ZN10EaLcdBoard10eepromReadEPhtt  ebb.lib(ealcdboard.o)
    0x00004f44   0x000000dc   Code   RO         3009    i._ZN10EaLcdBoard10execPinSetEPcj  ebb.lib(ealcdboard.o)
    0x00005020   0x00000058   Code   RO         3010    i._ZN10EaLcdBoard10getInitSeqEPci  ebb.lib(ealcdboard.o)
    0x00005078   0x00000084   Code   RO         3012    i._ZN10EaLcdBoard11execSeqCtrlEPcj  ebb.lib(ealcdboard.o)
    0x000050fc   0x00000020   Code   RO         3013    i._ZN10EaLcdBoard11set5VSignalEb  ebb.lib(ealcdboard.o)
    0x0000511c   0x0000003e   Code   RO         3014    i._ZN10EaLcdBoard11setLsStatesEtPhh  ebb.lib(ealcdboard.o)
    0x0000515a   0x00000022   Code   RO         3015    i._ZN10EaLcdBoard12checkVersionEPcj  ebb.lib(ealcdboard.o)
    0x0000517c   0x000000dc   Code   RO         3016    i._ZN10EaLcdBoard12getLcdConfigEPN13LcdController6ConfigE  ebb.lib(ealcdboard.o)
    0x00005258   0x00000020   Code   RO         3017    i._ZN10EaLcdBoard12set3V3SignalEb  ebb.lib(ealcdboard.o)
    0x00005278   0x00000044   Code   RO         3020    i._ZN10EaLcdBoard14setFrameBufferEj  ebb.lib(ealcdboard.o)
    0x000052bc   0x000000be   Code   RO         3022    i._ZN10EaLcdBoard15parseInitStringEPcPN13LcdController6ConfigE  ebb.lib(ealcdboard.o)
    0x0000537a   0x0000002c   Code   RO         3023    i._ZN10EaLcdBoard15pca9532_setLedsEtt  ebb.lib(ealcdboard.o)
    0x000053a6   0x0000002e   Code   RO         3027    i._ZN10EaLcdBoard20setBacklightContrastEj  ebb.lib(ealcdboard.o)
    0x000053d4   0x00000036   Code   RO         3028    i._ZN10EaLcdBoard21pca9532_setBlink0DutyEh  ebb.lib(ealcdboard.o)
    0x0000540a   0x00000018   Code   RO         3029    i._ZN10EaLcdBoard21pca9532_setBlink0LedsEt  ebb.lib(ealcdboard.o)
    0x00005422   0x00000020   Code   RO         3030    i._ZN10EaLcdBoard22setDisplayEnableSignalEb  ebb.lib(ealcdboard.o)
    0x00005442   0x00000022   Code   RO         3031    i._ZN10EaLcdBoard23pca9532_setBlink0PeriodEh  ebb.lib(ealcdboard.o)
    0x00005464   0x0000004c   Code   RO         3032    i._ZN10EaLcdBoard4openEPN13LcdController6ConfigEPc  ebb.lib(ealcdboard.o)
    0x000054b0   0x0000006c   Code   RO         3034    i._ZN10EaLcdBoard7setLedsEv  ebb.lib(ealcdboard.o)
    0x0000551c   0x00000028   Code   RO         3035    i._ZN10EaLcdBoard8getStoreEPNS_7store_tE  ebb.lib(ealcdboard.o)
    0x00005544   0x0000001e   Code   RO         3036    i._ZN10EaLcdBoard9execDelayEPcj  ebb.lib(ealcdboard.o)
    0x00005562   0x00000002   PAD
    0x00005564   0x00000044   Code   RO         3037    i._ZN10EaLcdBoardC1E7PinNameS0_  ebb.lib(ealcdboard.o)
    0x000055a8   0x0000006e   Code   RO         1524    i._ZN12Adafruit_GFX10drawBitmapEssPKhsst  ebb.lib(adafruit_gfx.o)
    0x00005616   0x00000040   Code   RO         1526    i._ZN12Adafruit_GFX10fillCircleEssst  ebb.lib(adafruit_gfx.o)
    0x00005656   0x0000000e   Code   RO         1530    i._ZN12Adafruit_GFX11setTextSizeEh  ebb.lib(adafruit_gfx.o)
    0x00005664   0x00000006   Code   RO         1534    i._ZN12Adafruit_GFX12setTextColorEt  ebb.lib(adafruit_gfx.o)
    0x0000566a   0x0000002e   Code   RO         1537    i._ZN12Adafruit_GFX13drawFastVLineEssst  ebb.lib(adafruit_gfx.o)
    0x00005698   0x000000f6   Code   RO         1542    i._ZN12Adafruit_GFX16fillCircleHelperEssshst  ebb.lib(adafruit_gfx.o)
    0x0000578e   0x00000008   Code   RO         1543    i._ZN12Adafruit_GFX5widthEv  ebb.lib(adafruit_gfx.o)
    0x00005796   0x0000007a   Code   RO         1544    i._ZN12Adafruit_GFX5writeEh  ebb.lib(adafruit_gfx.o)
    0x00005810   0x00000008   Code   RO         1545    i._ZN12Adafruit_GFX6heightEv  ebb.lib(adafruit_gfx.o)
    0x00005818   0x00000104   Code   RO         1546    i._ZN12Adafruit_GFX8drawCharEsshtth  ebb.lib(adafruit_gfx.o)
    0x0000591c   0x000000dc   Code   RO         1547    i._ZN12Adafruit_GFX8drawLineEsssst  ebb.lib(adafruit_gfx.o)
    0x000059f8   0x00000036   Code   RO         1549    i._ZN12Adafruit_GFX8fillRectEsssst  ebb.lib(adafruit_gfx.o)
    0x00005a2e   0x00000006   Code   RO         1550    i._ZN12Adafruit_GFX9setCursorEss  ebb.lib(adafruit_gfx.o)
    0x00005a34   0x00000030   Code   RO         1551    i._ZN12Adafruit_GFXC2Ess  ebb.lib(adafruit_gfx.o)
    0x00005a64   0x00000018   Code   RO         4171    i._ZN13LcdController14setFrameBufferEj  ebb.lib(lcdcontroller.o)
    0x00005a7c   0x0000003c   Code   RO         4172    i._ZN13LcdController15getClockDivisorEi  ebb.lib(lcdcontroller.o)
    0x00005ab8   0x000001c0   Code   RO         4173    i._ZN13LcdController4initEPNS_6ConfigE  ebb.lib(lcdcontroller.o)
    0x00005c78   0x00000048   Code   RO         4174    i._ZN13LcdController4openEPNS_6ConfigE  ebb.lib(lcdcontroller.o)
    0x00005cc0   0x00000060   Code   RO         2030    i._ZN13LcdController6ConfigC1EiiiiiiiibbbbiNS_12BitsPerPixelEiNS_8LcdPanelEb  ebb.lib(display.o)
    0x00005d20   0x00000044   Code   RO         4176    i._ZN13LcdController8setPowerEb  ebb.lib(lcdcontroller.o)
    0x00005d64   0x0000015c   Code   RO         4177    i._ZN13LcdController9pinConfigEv  ebb.lib(lcdcontroller.o)
    0x00005ec0   0x00000006   Code   RO         4178    i._ZN13LcdControllerC1Ev  ebb.lib(lcdcontroller.o)
    0x00005ec6   0x00000020   Code   RO         2786    i._ZN14EaLcdBoardGPIO11set5VSignalEb  ebb.lib(ealcdboardgpio.o)
    0x00005ee6   0x00000020   Code   RO         2787    i._ZN14EaLcdBoardGPIO12set3V3SignalEb  ebb.lib(ealcdboardgpio.o)
    0x00005f06   0x00000002   Code   RO         2788    i._ZN14EaLcdBoardGPIO15setWriteProtectEb  ebb.lib(ealcdboardgpio.o)
    0x00005f08   0x0000005c   Code   RO         2789    i._ZN14EaLcdBoardGPIO20setBacklightContrastEj  ebb.lib(ealcdboardgpio.o)
    0x00005f64   0x00000038   Code   RO         2790    i._ZN14EaLcdBoardGPIO22setDisplayEnableSignalEb  ebb.lib(ealcdboardgpio.o)
    0x00005f9c   0x0000009c   Code   RO         2791    i._ZN14EaLcdBoardGPIOC1E7PinNameS0_  ebb.lib(ealcdboardgpio.o)
    0x00006038   0x0000001a   Code   RO         2840    i._ZN4mbed10DigitalOutC1E7PinName  ebb.lib(ealcdboardgpio.o)
    0x00006052   0x00000002   PAD
    0x00006054   0x0000005c   Code   RO         2834    i._ZN4mbed10DigitalOutaSEi  ebb.lib(ealcdboardgpio.o)
    0x000060b0   0x0000003a   Code   RO         2384    i._ZN4mbed10FileHandle4flenEv  mbed.lib(filelike.o)
    0x000060ea   0x00000010   Code   RO         1466    i._ZN4mbed10TimerEvent3irqEj  mbed.lib(timerevent.o)
    0x000060fa   0x00000014   Code   RO         1467    i._ZN4mbed10TimerEvent6insertEj  mbed.lib(timerevent.o)
    0x0000610e   0x0000000e   Code   RO         1468    i._ZN4mbed10TimerEvent6removeEv  mbed.lib(timerevent.o)
    0x0000611c   0x0000002c   Code   RO         1470    i._ZN4mbed10TimerEventC2Ev  mbed.lib(timerevent.o)
    0x00006148   0x00000018   Code   RO         1472    i._ZN4mbed10TimerEventD2Ev  mbed.lib(timerevent.o)
    0x00006160   0x0000000e   Code   RO         2512    i._ZN4mbed26mbed_set_unbuffered_streamEPSt6__FILE  mbed.lib(retarget.o)
    0x0000616e   0x0000003a   Code   RO         3724    i._ZN4mbed3I2C4readEiPcib  mbed.lib(i2c.o)
    0x000061a8   0x0000003a   Code   RO         3728    i._ZN4mbed3I2C5writeEiPKcib  mbed.lib(i2c.o)
    0x000061e2   0x00000002   PAD
    0x000061e4   0x00000020   Code   RO         3729    i._ZN4mbed3I2C6aquireEv  mbed.lib(i2c.o)
    0x00006204   0x0000002c   Code   RO         3731    i._ZN4mbed3I2CC1E7PinNameS1_  mbed.lib(i2c.o)
    0x00006230   0x00000006   Code   RO         1201    i._ZN4mbed6Stream4flenEv  mbed.lib(stream.o)
    0x00006236   0x00000006   Code   RO         1207    i._ZN4mbed6Stream5closeEv  mbed.lib(stream.o)
    0x0000623c   0x00000006   Code   RO         1209    i._ZN4mbed6Stream5lseekEli  mbed.lib(stream.o)
    0x00006242   0x00000030   Code   RO         1211    i._ZN4mbed6Stream5writeEPKvj  mbed.lib(stream.o)
    0x00006272   0x00000006   Code   RO         1212    i._ZN4mbed6Stream6isattyEv  mbed.lib(stream.o)
    0x00006278   0x00000028   Code   RO         1213    i._ZN4mbed6Stream6printfEPKcz  mbed.lib(stream.o)
    0x000062a0   0x00000048   Code   RO         1214    i._ZN4mbed6StreamC2EPKc  mbed.lib(stream.o)
    0x000062e8   0x00000022   Code   RO         1400    i._ZN4mbed6Ticker5setupEj  mbed.lib(ticker.o)
    0x0000630a   0x00000002   PAD
    0x0000630c   0x0000003c   Code   RO          862    i._ZN4mbed6Ticker6attachEPFvvEf  asteroids.o
    0x00006348   0x00000016   Code   RO         1401    i._ZN4mbed6Ticker6detachEv  mbed.lib(ticker.o)
    0x0000635e   0x00000038   Code   RO         1402    i._ZN4mbed6Ticker7handlerEv  mbed.lib(ticker.o)
    0x00006396   0x00000002   PAD
    0x00006398   0x0000002c   Code   RO          868    i._ZN4mbed6TickerC1Ev  asteroids.o
    0x000063c4   0x00000020   Code   RO          880    i._ZN4mbed6TickerD1Ev  asteroids.o
    0x000063e4   0x00000006   Code   RO         3454    i._ZN4mbed8FileBase11getPathTypeEv  mbed.lib(filebase.o)
    0x000063ea   0x00000002   PAD
    0x000063ec   0x00000038   Code   RO         3456    i._ZN4mbed8FileBase6lookupEPKcj  mbed.lib(filebase.o)
    0x00006424   0x00000028   Code   RO         3458    i._ZN4mbed8FileBaseC1EPKcNS_8PathTypeE  mbed.lib(filebase.o)
    0x0000644c   0x0000002c   Code   RO         2352    i._ZN4mbed8FileLikeC2EPKc  mbed.lib(filelike.o)
    0x00006478   0x00000014   Code   RO         3519    i._ZN4mbed8FilePath10fileSystemEv  mbed.lib(filepath.o)
    0x0000648c   0x0000001c   Code   RO         3520    i._ZN4mbed8FilePath12isFileSystemEv  mbed.lib(filepath.o)
    0x000064a8   0x0000001e   Code   RO         3521    i._ZN4mbed8FilePath4fileEv  mbed.lib(filepath.o)
    0x000064c6   0x0000000e   Code   RO         3522    i._ZN4mbed8FilePath6existsEv  mbed.lib(filepath.o)
    0x000064d4   0x0000001c   Code   RO         3523    i._ZN4mbed8FilePath6isFileEv  mbed.lib(filepath.o)
    0x000064f0   0x00000006   Code   RO         3524    i._ZN4mbed8FilePath8fileNameEv  mbed.lib(filepath.o)
    0x000064f6   0x00000056   Code   RO         3525    i._ZN4mbed8FilePathC1EPKc  mbed.lib(filepath.o)
    0x0000654c   0x0000004c   Code   RO          113    i._ZN4mbed9DigitalIn4readEv  controller.o
    0x00006598   0x0000001a   Code   RO          119    i._ZN4mbed9DigitalInC1E7PinName  controller.o
    0x000065b2   0x00000026   Code   RO         3238    i._ZN5GFXFb10fillScreenEt  ebb.lib(gfxfb.o)
    0x000065d8   0x00000068   Code   RO         3241    i._ZN5GFXFb13drawFastVLineEssst  ebb.lib(gfxfb.o)
    0x00006640   0x00000046   Code   RO         3244    i._ZN5GFXFb9drawPixelEsst  ebb.lib(gfxfb.o)
    0x00006686   0x00000002   PAD
    0x00006688   0x00000028   Code   RO         3245    i._ZN5GFXFbC1EttPt  ebb.lib(gfxfb.o)
    0x000066b0   0x0000003c   Code   RO         1973    i._ZN7Display10theDisplayEv  ebb.lib(display.o)
    0x000066ec   0x00000014   Code   RO         1975    i._ZN7Display5_putcEi  ebb.lib(display.o)
    0x00006700   0x00000150   Code   RO         1977    i._ZN7DisplayC1Ev   ebb.lib(display.o)
    0x00006850   0x00000018   Code   RO          520    i._ZSt3cosf         model.o
    0x00006868   0x00000018   Code   RO          514    i._ZSt3sinf         model.o
    0x00006880   0x00000028   Code   RO         4625    i._Znwj             cpprt_w.l(new.o)
    0x000068a8   0x00000030   Code   RO         5296    i.__ARM_fpclassify  m_wm.l(fpclassify.o)
    0x000068d8   0x00000026   Code   RO         5027    i.__ARM_fpclassifyf  m_wm.l(fpclassifyf.o)
    0x000068fe   0x00000010   Code   RO         4632    i.__cxa_guard_acquire  cpprt_w.l(cxa_guard_acquire.o)
    0x0000690e   0x00000006   Code   RO         4629    i.__cxa_pure_virtual  cpprt_w.l(pure_virt.o)
    0x00006914   0x00000150   Code   RO         4760    i.__hardfp_cosf     m_wm.l(cosf.o)
    0x00006a64   0x00000190   Code   RO         4772    i.__hardfp_sinf     m_wm.l(sinf.o)
    0x00006bf4   0x00000006   Code   RO         5030    i.__mathlib_flt_infnan  m_wm.l(funder.o)
    0x00006bfa   0x00000002   PAD
    0x00006bfc   0x00000010   Code   RO         5032    i.__mathlib_flt_invalid  m_wm.l(funder.o)
    0x00006c0c   0x00000010   Code   RO         5035    i.__mathlib_flt_underflow  m_wm.l(funder.o)
    0x00006c1c   0x00000154   Code   RO         5043    i.__mathlib_rredf2  m_wm.l(rredf.o)
    0x00006d70   0x00000006   Code   RO         3316    i.__reserved_stack_size  ebb.lib(sdram.o)
    0x00006d76   0x00000002   PAD
    0x00006d78   0x00000044   Code   RO         3317    i.__rt_heap_extend  ebb.lib(sdram.o)
    0x00006dbc   0x0000005c   Code   RO          838    i.__sti___13_asteroids_cpp_Dt  asteroids.o
    0x00006e18   0x00000038   Code   RO           65    i.__sti___14_controller_cpp_buttons  controller.o
    0x00006e50   0x00000010   Code   RO          561    i.__sti___8_view_cpp_graphics  view.o
    0x00006e60   0x00000030   Code   RO         1036    i.__user_setup_stackheap  sys.o
    0x00006e90   0x00000026   Code   RO         1095    i._gpio_init_in     mbed.lib(gpio.o)
    0x00006eb6   0x00000034   Code   RO         1096    i._gpio_init_out    mbed.lib(gpio.o)
    0x00006eea   0x0000000e   Code   RO         4535    i._is_digit         c_w.l(__printf_wp.o)
    0x00006ef8   0x00000030   Code   RO         2515    i._sys_close        mbed.lib(retarget.o)
    0x00006f28   0x0000002c   Code   RO         2518    i._sys_flen         mbed.lib(retarget.o)
    0x00006f54   0x0000002c   Code   RO         2519    i._sys_istty        mbed.lib(retarget.o)
    0x00006f80   0x00000130   Code   RO         2520    i._sys_open         mbed.lib(retarget.o)
    0x000070b0   0x00000030   Code   RO         2522    i._sys_seek         mbed.lib(retarget.o)
    0x000070e0   0x00000064   Code   RO         2523    i._sys_write        mbed.lib(retarget.o)
    0x00007144   0x00000020   Code   RO         2224    i.error             mbed.lib(error.o)
    0x00007164   0x00000020   Code   RO         2525    i.exit              mbed.lib(retarget.o)
    0x00007184   0x00000050   Code   RO         1002    i.fpu_init          system_lpc407x_8x_177x_8x.o
    0x000071d4   0x0000001a   Code   RO         4562    i.fputc             c_w.l(fputc.o)
    0x000071ee   0x00000002   PAD
    0x000071f0   0x00000008   Code   RO         2320    i.get_us_ticker_data  mbed.lib(us_ticker_api.o)
    0x000071f8   0x00000090   Code   RO         2417    i.gpio_dir          mbed.lib(gpio_api.o)
    0x00007288   0x00000038   Code   RO         2418    i.gpio_init         mbed.lib(gpio_api.o)
    0x000072c0   0x00000012   Code   RO         1097    i.gpio_init_in      mbed.lib(gpio.o)
    0x000072d2   0x00000014   Code   RO         1098    i.gpio_init_in_ex   mbed.lib(gpio.o)
    0x000072e6   0x00000012   Code   RO         1100    i.gpio_init_out     mbed.lib(gpio.o)
    0x000072f8   0x00000016   Code   RO         1101    i.gpio_init_out_ex  mbed.lib(gpio.o)
    0x0000730e   0x00000012   Code   RO         2419    i.gpio_mode         mbed.lib(gpio_api.o)
    0x00007320   0x00000070   Code   RO         2420    i.gpio_set          mbed.lib(gpio_api.o)
    0x00007390   0x00000080   Code   RO         1102    i.gpio_write        mbed.lib(gpio.o)
    0x00007410   0x00000080   Code   RO         4134    i.gpio_write        mbed.lib(board.o)
    0x00007490   0x00000016   Code   RO         4293    i.i2c_clear_SI      mbed.lib(i2c_api.o)
    0x000074a6   0x00000018   Code   RO         4294    i.i2c_conclr        mbed.lib(i2c_api.o)
    0x000074be   0x00000018   Code   RO         4295    i.i2c_conset        mbed.lib(i2c_api.o)
    0x000074d6   0x0000003e   Code   RO         4296    i.i2c_do_read       mbed.lib(i2c_api.o)
    0x00007514   0x00000020   Code   RO         4297    i.i2c_do_write      mbed.lib(i2c_api.o)
    0x00007534   0x0000001c   Code   RO         4298    i.i2c_frequency     mbed.lib(i2c_api.o)
    0x00007550   0x00000144   Code   RO         4299    i.i2c_init          mbed.lib(i2c_api.o)
    0x00007694   0x000000b0   Code   RO         4300    i.i2c_read          mbed.lib(i2c_api.o)
    0x00007744   0x00000048   Code   RO         4409    i.i2c_start         mbed.lib(i2c_api.o)
    0x0000778c   0x00000008   Code   RO         4307    i.i2c_status        mbed.lib(i2c_api.o)
    0x00007794   0x00000040   Code   RO         4415    i.i2c_stop          mbed.lib(i2c_api.o)
    0x000077d4   0x00000028   Code   RO         4308    i.i2c_wait_SI       mbed.lib(i2c_api.o)
    0x000077fc   0x00000082   Code   RO         4309    i.i2c_write         mbed.lib(i2c_api.o)
    0x0000787e   0x00000002   PAD
    0x00007880   0x000000dc   Code   RO          839    i.main              asteroids.o
    0x0000795c   0x0000004c   Code   RO         1075    i.mbed_assert_internal  mbed.lib(assert.o)
    0x000079a8   0x00000074   Code   RO         4135    i.mbed_die          mbed.lib(board.o)
    0x00007a1c   0x00000002   Code   RO         2526    i.mbed_main         mbed.lib(retarget.o)
    0x00007a1e   0x00000002   Code   RO         2527    i.mbed_sdk_init     mbed.lib(retarget.o)
    0x00007a20   0x00000074   Code   RO         3802    i.pin_function      mbed.lib(pinmap.o)
    0x00007a94   0x0000008c   Code   RO         3803    i.pin_mode          mbed.lib(pinmap.o)
    0x00007b20   0x00000020   Code   RO         4239    i.pinmap_find_peripheral  mbed.lib(pinmap_common.o)
    0x00007b40   0x00000040   Code   RO         4241    i.pinmap_merge      mbed.lib(pinmap_common.o)
    0x00007b80   0x0000004c   Code   RO         4242    i.pinmap_peripheral  mbed.lib(pinmap_common.o)
    0x00007bcc   0x00000054   Code   RO         4243    i.pinmap_pinout     mbed.lib(pinmap_common.o)
    0x00007c20   0x000000f4   Code   RO         3889    i.pwmout_init       mbed.lib(pwmout_api.o)
    0x00007d14   0x00000016   Code   RO         3891    i.pwmout_period_ms  mbed.lib(pwmout_api.o)
    0x00007d2a   0x00000002   PAD
    0x00007d2c   0x00000044   Code   RO         3892    i.pwmout_period_us  mbed.lib(pwmout_api.o)
    0x00007d70   0x00000068   Code   RO         3897    i.pwmout_write      mbed.lib(pwmout_api.o)
    0x00007dd8   0x00000144   Code   RO         3969    i.serial_baud       mbed.lib(serial_api.o)
    0x00007f1c   0x000000fc   Code   RO         3973    i.serial_format     mbed.lib(serial_api.o)
    0x00008018   0x000001ac   Code   RO         3976    i.serial_init       mbed.lib(serial_api.o)
    0x000081c4   0x00000018   Code   RO         3980    i.serial_putc       mbed.lib(serial_api.o)
    0x000081dc   0x0000000c   Code   RO         3982    i.serial_writable   mbed.lib(serial_api.o)
    0x000081e8   0x00000050   Code   RO         2265    i.ticker_insert_event  mbed.lib(ticker_api.o)
    0x00008238   0x0000005a   Code   RO         2266    i.ticker_irq_handler  mbed.lib(ticker_api.o)
    0x00008292   0x0000000c   Code   RO         2267    i.ticker_read       mbed.lib(ticker_api.o)
    0x0000829e   0x00000052   Code   RO         2268    i.ticker_remove_event  mbed.lib(ticker_api.o)
    0x000082f0   0x00000012   Code   RO         2269    i.ticker_set_handler  mbed.lib(ticker_api.o)
    0x00008302   0x00000002   PAD
    0x00008304   0x0000000c   Code   RO         3831    i.us_ticker_clear_interrupt  mbed.lib(us_ticker.o)
    0x00008310   0x00000014   Code   RO         3832    i.us_ticker_disable_interrupt  mbed.lib(us_ticker.o)
    0x00008324   0x00000074   Code   RO         3833    i.us_ticker_init    mbed.lib(us_ticker.o)
    0x00008398   0x00000010   Code   RO         2321    i.us_ticker_irq_handler  mbed.lib(us_ticker_api.o)
    0x000083a8   0x0000001c   Code   RO         3834    i.us_ticker_read    mbed.lib(us_ticker.o)
    0x000083c4   0x00000014   Code   RO         3835    i.us_ticker_set_interrupt  mbed.lib(us_ticker.o)
    0x000083d8   0x00000028   Code   RO         3419    i.wait              mbed.lib(wait_api.o)
    0x00008400   0x00000012   Code   RO         3420    i.wait_ms           mbed.lib(wait_api.o)
    0x00008412   0x00000018   Code   RO         3421    i.wait_us           mbed.lib(wait_api.o)
    0x0000842a   0x00000002   PAD
    0x0000842c   0x0000002c   Code   RO         5250    locale$$code        c_w.l(lc_numeric_c.o)
    0x00008458   0x0000002c   Code   RO         5320    locale$$code        c_w.l(lc_ctype_c.o)
    0x00008484   0x00000008   Code   RO          874    t._ZN4mbed19FunctionPointerArg1IvvE6attachEPFvvE  asteroids.o
    0x0000848c   0x00000062   Code   RO         4744    x$fpl$d2f           fz_wm.l(d2f.o)
    0x000084ee   0x00000002   PAD
    0x000084f0   0x00000150   Code   RO         4746    x$fpl$dadd          fz_wm.l(daddsub_clz.o)
    0x00008640   0x00000018   Code   RO         5006    x$fpl$dcmpinf       fz_wm.l(dcmpi.o)
    0x00008658   0x00000078   Code   RO         4752    x$fpl$dleqf         fz_wm.l(dleqf.o)
    0x000086d0   0x00000154   Code   RO         4754    x$fpl$dmul          fz_wm.l(dmul.o)
    0x00008824   0x0000009c   Code   RO         5008    x$fpl$dnaninf       fz_wm.l(dnaninf.o)
    0x000088c0   0x0000000c   Code   RO         5010    x$fpl$dretinf       fz_wm.l(dretinf.o)
    0x000088cc   0x0000006c   Code   RO         4756    x$fpl$drleqf        fz_wm.l(drleqf.o)
    0x00008938   0x000001d4   Code   RO         4748    x$fpl$dsub          fz_wm.l(daddsub_clz.o)
    0x00008b0c   0x00000056   Code   RO         4758    x$fpl$f2d           fz_wm.l(f2d.o)
    0x00008b62   0x0000008c   Code   RO         5012    x$fpl$fnaninf       fz_wm.l(fnaninf.o)
    0x00008bee   0x0000000a   Code   RO         5202    x$fpl$fpinit        fz_wm.l(fpinit.o)
    0x00008bf8   0x0000000a   Code   RO         5014    x$fpl$fretinf       fz_wm.l(fretinf.o)
    0x00008c02   0x00000004   Code   RO         5016    x$fpl$printf1       fz_wm.l(printf1.o)
    0x00008c06   0x00000004   Code   RO         5018    x$fpl$printf2       fz_wm.l(printf2.o)
    0x00008c0a   0x00000000   Code   RO         5026    x$fpl$usenofp       fz_wm.l(usenofp.o)
    0x00008c0a   0x000004fb   Data   RO         1580    .constdata          ebb.lib(adafruit_gfx.o)
    0x00009105   0x00000003   PAD
    0x00009108   0x0000001c   Data   RO         2322    .constdata          mbed.lib(us_ticker_api.o)
    0x00009124   0x00000017   Data   RO         2569    .constdata          mbed.lib(retarget.o)
    0x0000913b   0x00000001   PAD
    0x0000913c   0x00000190   Data   RO         3898    .constdata          mbed.lib(pwmout_api.o)
    0x000092cc   0x0000012c   Data   RO         3990    .constdata          mbed.lib(serial_api.o)
    0x000093f8   0x00000128   Data   RO         4310    .constdata          mbed.lib(i2c_api.o)
    0x00009520   0x00000028   Data   RO         4523    .constdata          c_w.l(_printf_hex_int_ll_ptr.o)
    0x00009548   0x00000011   Data   RO         4543    .constdata          c_w.l(__printf_flags_ss_wp.o)
    0x00009559   0x00000003   PAD
    0x0000955c   0x00000008   Data   RO         4843    .constdata          c_w.l(_printf_wctomb.o)
    0x00009564   0x00000020   Data   RO         5044    .constdata          m_wm.l(rredf.o)
    0x00009584   0x00000026   Data   RO         5086    .constdata          c_w.l(_printf_fp_hex.o)
    0x000095aa   0x00000002   PAD
    0x000095ac   0x00000094   Data   RO         5223    .constdata          c_w.l(bigflt0.o)
    0x00009640   0x0000001c   Data   RO         3213    .constdata__ZTV10EaLcdBoard  ebb.lib(ealcdboard.o)
    0x0000965c   0x0000002c   Data   RO         1720    .constdata__ZTV12Adafruit_GFX  ebb.lib(adafruit_gfx.o)
    0x00009688   0x0000001c   Data   RO         2833    .constdata__ZTV14EaLcdBoardGPIO  ebb.lib(ealcdboardgpio.o)
    0x000096a4   0x0000002c   Data   RO         3297    .constdata__ZTV5GFXFb  ebb.lib(gfxfb.o)
    0x000096d0   0x00000070   Data   RO         2029    .constdata__ZTV7Display  ebb.lib(display.o)
    0x00009740   0x0000002c   Data   RO         2735    .constdata__ZTVN4mbed10FileHandleE  mbed.lib(retarget.o)
    0x0000976c   0x00000014   Data   RO         1516    .constdata__ZTVN4mbed10TimerEventE  mbed.lib(timerevent.o)
    0x00009780   0x00000044   Data   RO         1312    .constdata__ZTVN4mbed6StreamE  mbed.lib(stream.o)
    0x000097c4   0x00000014   Data   RO         1428    .constdata__ZTVN4mbed6TickerE  mbed.lib(ticker.o)
    0x000097d8   0x00000010   Data   RO         3505    .constdata__ZTVN4mbed8FileBaseE  mbed.lib(filebase.o)
    0x000097e8   0x0000003c   Data   RO         2383    .constdata__ZTVN4mbed8FileLikeE  mbed.lib(filelike.o)
    0x00009824   0x00000048   Data   RO           73    .conststring        controller.o
    0x0000986c   0x00000042   Data   RO         3899    .conststring        mbed.lib(pwmout_api.o)
    0x000098ae   0x00000002   PAD
    0x000098b0   0x000000c6   Data   RO         3991    .conststring        mbed.lib(serial_api.o)
    0x00009976   0x00000002   PAD
    0x00009978   0x00000020   Data   RO         5395    Region$$Table       anon$$obj.o
    0x00009998   0x0000001c   Data   RO         5249    locale$$data        c_w.l(lc_numeric_c.o)
    0x000099b4   0x00000110   Data   RO         5319    locale$$data        c_w.l(lc_ctype_c.o)
    0x00009ac4   0x00000004   Data   RO           75    .init_array         controller.o
    0x00009ac8   0x00000004   Data   RO          575    .init_array         view.o
    0x00009acc   0x00000004   Data   RO          844    .init_array         asteroids.o
    0x00009ad0   0x00000000   Data   RO         4617    .init_array         c_w.l(init_aeabi.o)


    Execution Region RW_IRAM1 (Base: 0x100000e8, Size: 0x00000e64, Max: 0x0000ff18, ABSOLUTE, COMPRESSED[0x000000f4])

    Base Addr    Size         Type   Attr      Idx    E Section Name        Object

    0x100000e8   0x000000dc   Data   RW           74    .data               controller.o
    0x100001c4   0x00000004   PAD
    0x100001c8   0x00000128   Data   RW          423    .data               model.o
    0x100002f0   0x000000cc   Data   RW          574    .data               view.o
    0x100003bc   0x000000ce   Data   RW          843    .data               asteroids.o
    0x1000048a   0x00000002   PAD
    0x1000048c   0x00000010   Data   RW         1003    .data               system_lpc407x_8x_177x_8x.o
    0x1000049c   0x00000008   Data   RW         1991    .data               ebb.lib(display.o)
    0x100004a4   0x00000008   Data   RW         2323    .data               mbed.lib(us_ticker_api.o)
    0x100004ac   0x00000010   Data   RW         3328    .data               ebb.lib(sdram.o)
    0x100004bc   0x00000004   Data   RW         3468    .data               mbed.lib(filebase.o)
    0x100004c0   0x00000004   Data   RW         3741    .data               mbed.lib(i2c.o)
    0x100004c4   0x00000004   Data   RW         3836    .data               mbed.lib(us_ticker.o)
    0x100004c8   0x00000004   Data   RW         3900    .data               mbed.lib(pwmout_api.o)
    0x100004cc   0x00000010   Data   RW         3992    .data               mbed.lib(serial_api.o)
    0x100004dc   0x00000001   Data   RW         4187    .data               ebb.lib(lcdcontroller.o)
    0x100004dd   0x00000003   PAD
    0x100004e0   0x00000004   Data   RW         4574    .data               c_w.l(stdio_streams.o)
    0x100004e4   0x00000004   Data   RW         4575    .data               c_w.l(stdio_streams.o)
    0x100004e8   0x00000004   Data   RW         4576    .data               c_w.l(stdio_streams.o)
    0x100004ec   0x00000078   Zero   RW           72    .bss                controller.o
    0x10000564   0x00000150   Zero   RW          422    .bss                model.o
    0x100006b4   0x00000190   Zero   RW          573    .bss                view.o
    0x10000844   0x000000c0   Zero   RW          842    .bss                asteroids.o
    0x10000904   0x00000040   Zero   RW         2568    .bss                mbed.lib(retarget.o)
    0x10000944   0x00000400   Zero   RW         3070    .bss                ebb.lib(ealcdboard.o)
    0x10000d44   0x00000054   Zero   RW         4571    .bss                c_w.l(stdio_streams.o)
    0x10000d98   0x00000054   Zero   RW         4572    .bss                c_w.l(stdio_streams.o)
    0x10000dec   0x00000054   Zero   RW         4573    .bss                c_w.l(stdio_streams.o)
    0x10000e40   0x000000e4   Zero   RW         4591    .bss                c_w.l(rand.o)
    0x10000f24   0x00000004   Zero   RW         4788    .bss                c_w.l(rt_heap_descriptor.o)
    0x10000f28   0x00000004   Zero   RW         4793    .bss                c_w.l(rt_new_handler_addr.o)
    0x10000f2c   0x00000004   Zero   RW         4798    .bss                c_w.l(rt_ddtor_pointer_addr.o)
    0x10000f30   0x00000004   Zero   RW         5067    .bss                c_w.l(rt_errno_addr.o)
    0x10000f34   0x00000014   Zero   RW         5209    .bss                c_w.l(rt_locale.o)
    0x10000f48   0x00000004   Zero   RW         5214    .bss                c_w.l(rt_eh_globals_addr.o)


    Execution Region RW_IRAM2 (Base: 0x20000000, Size: 0x00000000, Max: 0x00004000, ABSOLUTE)

    **** No section assigned to this execution region ****


    Execution Region RW_IRAM3 (Base: 0x20004000, Size: 0x00000000, Max: 0x00004000, ABSOLUTE)

    **** No section assigned to this execution region ****



  Load Region LR_IROM2 (Base: 0x28000000, Size: 0x00000000, Max: 0x01000000, ABSOLUTE)

    Execution Region ER_IROM2 (Base: 0x28000000, Size: 0x00000000, Max: 0x01000000, ABSOLUTE)

    **** No section assigned to this execution region ****


==============================================================================

Image component sizes


      Code (inc. data)   RO Data    RW Data    ZI Data      Debug   Object Name

       456         90          4        206        192       6103   asteroids.o
        64          6          0          0          0      28293   cmsis_nvic.o
       466         86         76        220        120      14707   controller.o
        18          0          0          0          0        400   flipbits.o
      2364        330          0        296        336      14004   model.o
        40         12        228          0          0       1356   startup_lpc407x_8x_177x_8x.o
        48          6          0          0          0       3345   sys.o
      1040         62          0         16          0       5128   system_lpc407x_8x_177x_8x.o
        64         10          0          0          0       7749   utils.o
      2964        270          4        204        400      54698   view.o

    ----------------------------------------------------------------------
      7526        872        344        948       1048     135783   Object Totals
         0          0         32          0          0          0   (incl. Generated)
         2          0          0          6          0          0   (incl. Padding)

    ----------------------------------------------------------------------

      Code (inc. data)   RO Data    RW Data    ZI Data      Debug   Library Member Name

        60          8          0          0          0         84   __0sscanf.o
        44          6          0          0          0         84   __2sprintf.o
       100          0          0          0          0          0   __dclz77c.o
         8          0          0          0          0         68   __main.o
       392          4         17          0          0         92   __printf_flags_ss_wp.o
        14          0          0          0          0         68   __printf_wp.o
         0          0          0          0          0          0   __rtentry.o
        12          0          0          0          0          0   __rtentry2.o
         6          0          0          0          0          0   __rtentry4.o
        52          8          0          0          0          0   __scatter.o
        28          0          0          0          0          0   __scatter_zi.o
        28          0          0          0          0         68   _chval.o
         6          0          0          0          0          0   _printf_a.o
         6          0          0          0          0          0   _printf_c.o
        44          0          0          0          0        108   _printf_char.o
        48          6          0          0          0         96   _printf_char_common.o
        36          4          0          0          0         80   _printf_char_file.o
        40          0          0          0          0         68   _printf_charcount.o
         6          0          0          0          0          0   _printf_d.o
       120         16          0          0          0         92   _printf_dec.o
         6          0          0          0          0          0   _printf_e.o
         6          0          0          0          0          0   _printf_f.o
      1050          0          0          0          0        216   _printf_fp_dec.o
       764          8         38          0          0        100   _printf_fp_hex.o
       128         16          0          0          0         84   _printf_fp_infnan.o
         6          0          0          0          0          0   _printf_g.o
       148          4         40          0          0        160   _printf_hex_int_ll_ptr.o
         6          0          0          0          0          0   _printf_i.o
       178          0          0          0          0         88   _printf_intcommon.o
        10          0          0          0          0          0   _printf_l.o
         6          0          0          0          0          0   _printf_lc.o
        10          0          0          0          0          0   _printf_ll.o
         6          0          0          0          0          0   _printf_lld.o
         6          0          0          0          0          0   _printf_lli.o
         6          0          0          0          0          0   _printf_llo.o
         6          0          0          0          0          0   _printf_llu.o
         6          0          0          0          0          0   _printf_llx.o
       124         16          0          0          0         92   _printf_longlong_dec.o
         6          0          0          0          0          0   _printf_ls.o
         6          0          0          0          0          0   _printf_n.o
         6          0          0          0          0          0   _printf_o.o
       112          8          0          0          0        124   _printf_oct_int_ll.o
         6          0          0          0          0          0   _printf_p.o
        78          0          0          0          0        108   _printf_pad.o
         0          0          0          0          0          0   _printf_percent.o
         4          0          0          0          0          0   _printf_percent_end.o
         6          0          0          0          0          0   _printf_s.o
        82          0          0          0          0         80   _printf_str.o
        36          0          0          0          0         84   _printf_truncate.o
         6          0          0          0          0          0   _printf_u.o
        44          0          0          0          0        108   _printf_wchar.o
       188          6          8          0          0         92   _printf_wctomb.o
         6          0          0          0          0          0   _printf_x.o
        22          0          0          0          0        100   _rserrno.o
       884          6          0          0          0        100   _scanf.o
       332          0          0          0          0         96   _scanf_int.o
        64          0          0          0          0         84   _sgetc.o
        10          0          0          0          0         68   _sputc.o
        64          0          0          0          0         92   _wcrtomb.o
        22          0          0          0          0         80   abort.o
        46          0          0          0          0         84   aeabi_atexit.o
       220          4        148          0          0         96   bigflt0.o
      1910        128          0          0          0        672   btod.o
        10          0          0          0          0         68   c89vfprintf.o
        66          0          0          0          0         84   cxa_finalize.o
        48         34          0          0          0         76   defsig_abrt_inner.o
        14          0          0          0          0         80   defsig_abrt_outer.o
        10          0          0          0          0         68   defsig_exit.o
        50          0          0          0          0         88   defsig_general.o
        48         34          0          0          0         76   defsig_pvfn_inner.o
        14          0          0          0          0         80   defsig_pvfn_outer.o
        80         58          0          0          0         76   defsig_rtmem_inner.o
        14          0          0          0          0         80   defsig_rtmem_outer.o
        52         38          0          0          0         76   defsig_rtred_inner.o
        14          0          0          0          0         80   defsig_rtred_outer.o
        76          0          0          0          0         88   fclose.o
         8          0          0          0          0         68   ferror.o
       100          4          0          0          0        120   fflush.o
       470          0          0          0          0         88   flsbuf.o
       236          4          0          0          0        128   fopen.o
        26          0          0          0          0         68   fputc.o
       248          6          0          0          0         84   fseek.o
        66          0          0          0          0         76   ftell.o
        94          0          0          0          0         80   h1_alloc.o
        52          0          0          0          0         68   h1_extend.o
        78          0          0          0          0         80   h1_free.o
        14          0          0          0          0         84   h1_init.o
         8          0          0          0          0         84   heapauxmm.o
         4          0          0          0          0        136   hguard.o
         0          0          0          0          0          0   indicate_semi.o
        36         10          0          0          0         80   init_aeabi.o
       138          0          0          0          0        168   init_alloc.o
       312         46          0          0          0        112   initio.o
        18          0          0          0          0         76   isspace.o
        44         10        272          0          0         76   lc_ctype_c.o
        44         10         28          0          0         76   lc_numeric_c.o
         2          0          0          0          0          0   libinit.o
        54          0          0          0          0          0   libinit2.o
         0          0          0          0          0          0   libshutdown2.o
       138          0          0          0          0         80   lludiv10.o
         0          0          0          0          0          0   maybetermalloc1.o
       112         18          0          0        228        160   rand.o
        16          4          0          0          0         76   rt_ctype_table.o
         8          4          0          0          4         68   rt_ddtor_pointer_addr.o
         8          4          0          0          4         68   rt_eh_globals_addr.o
         8          4          0          0          4         68   rt_errno_addr.o
         8          4          0          0          4         68   rt_heap_descriptor.o
         8          4          0          0         20         68   rt_locale.o
        68          0          0          0          0         68   rt_memclr.o
        78          0          0          0          0         80   rt_memclr_w.o
         8          4          0          0          4         68   rt_new_handler_addr.o
        44          8          0          0          0         84   scanf_char.o
        20          0          0          0          0         68   setbuf.o
        70          0          0          0          0         80   setvbuf.o
       240          6          0          0          0        156   stdio.o
         0          0          0         12        252          0   stdio_streams.o
       128          0          0          0          0         68   strcmpv7m.o
        62          0          0          0          0         76   strlen.o
       150          0          0          0          0         80   strncmp.o
        12          4          0          0          0         68   sys_exit.o
        14          0          0          0          0         76   sys_wrch.o
         2          0          0          0          0         68   use_no_semi.o
        10          0          0          0          0         68   vfprintf.o
        80         12          0          0          0        104   arm_exceptions_globs.o
        60          0          0          0          0        108   arm_exceptions_mem.o
        26          0          0          0          0         76   arm_exceptions_terminate.o
         4          0          0          0          0         68   arm_newhandler_noexceptions.o
        16          0          0          0          0         68   cxa_guard_acquire.o
        40          6          0          0          0         76   new.o
         6          0          0          0          0         68   pure_virt.o
      1212         10       1319          0          0      22408   adafruit_gfx.o
       512         74        112          8          0      45132   display.o
      1810         52         28          0       1024      23932   ealcdboard.o
       488         58         28          0          0      40772   ealcdboardgpio.o
       252          4         44          0          0       5076   gfxfb.o
      1026         62          0          1          0       6688   lcdcontroller.o
      1694         98          0         16          0       7688   sdram.o
        98          4          0          0          0        140   d2f.o
       804         16          0          0          0        368   daddsub_clz.o
        24          0          0          0          0        116   dcmpi.o
       120          4          0          0          0        140   dleqf.o
       340         12          0          0          0        152   dmul.o
       156          4          0          0          0        140   dnaninf.o
        12          0          0          0          0        116   dretinf.o
       108          0          0          0          0        128   drleqf.o
        86          4          0          0          0        132   f2d.o
       140          4          0          0          0        132   fnaninf.o
        10          0          0          0          0        116   fpinit.o
        10          0          0          0          0        116   fretinf.o
         4          0          0          0          0        116   printf1.o
         4          0          0          0          0        116   printf2.o
         0          0          0          0          0          0   usenofp.o
       336         56          0          0          0        136   cosf.o
        48          0          0          0          0        124   fpclassify.o
        38          0          0          0          0        116   fpclassifyf.o
        38         12          0          0          0        348   funder.o
       340         24         32          0          0        160   rredf.o
       400         56          0          0          0        212   sinf.o
        76         54          0          0          0        679   assert.o
       244         82          0          0          0       1983   board.o
        32          4          0          0          0       1116   error.o
       102         12         16          4          0       2096   filebase.o
       102         10         60          0          0       3756   filelike.o
       212          0          0          0          0       6696   filepath.o
       296         82          0          0          0       7412   gpio.o
       330        154          0          0          0      32010   gpio_api.o
       192         16          0          4          0       4620   i2c.o
      1006        122        296          0          0      12377   i2c_api.o
       256        148          0          0          0       1886   pinmap.o
       256         76          0          0          0       3496   pinmap_common.o
       438         68        466          4          0       4383   pwmout_api.o
       686         68         67          0         64      16478   retarget.o
      1040        144        498         16          0       7283   serial_api.o
       184         14         68          0          0      37584   stream.o
       112          0         20          0          0       6148   ticker.o
       282          0          0          0          0       4652   ticker_api.o
       118         16         20          0          0       2812   timerevent.o
       196         48          0          4          0      30824   us_ticker.o
        24         10         28          8          0       1621   us_ticker_api.o
        82          4          0          0          0       1707   wait_api.o

    ----------------------------------------------------------------------
     28096       2270       3666         80       1608     355259   Library Totals
        46          0         13          3          0          0   (incl. Padding)

    ----------------------------------------------------------------------

      Code (inc. data)   RO Data    RW Data    ZI Data      Debug   Library Name

     11442        566        551         12        520       8252   c_w.l
       232         18          0          0          0        568   cpprt_w.l
      6994        358       1531         25       1024     151696   ebb.lib
      1916         48          0          0          0       2028   fz_wm.l
      1200        148         32          0          0       1096   m_wm.l
      6266       1132       1539         40         64     191619   mbed.lib

    ----------------------------------------------------------------------
     28096       2270       3666         80       1608     355259   Library Totals

    ----------------------------------------------------------------------

==============================================================================


      Code (inc. data)   RO Data    RW Data    ZI Data      Debug   

     35622       3142       4010       1028       2656     462494   Grand Totals
     35622       3142       4010        244       2656     462494   ELF Image Totals (compressed)
     35622       3142       4010        244          0          0   ROM Totals

==============================================================================

    Total RO  Size (Code + RO Data)                39632 (  38.70kB)
    Total RW  Size (RW Data + ZI Data)              3684 (   3.60kB)
    Total ROM Size (Code + RO Data + RW Data)      39876 (  38.94kB)

==============================================================================

